channel fm: 300baud(0) -> 600baud(1) -> 1200baud(2) -> vf12(18) -> vf4(8) -> vf6(6)
radios A=ic705, B=ht; seed=20260829; trials=10
opening radios (ic705, ht)...
warming up 3s...

== 300baud (ID 0, DATA chunk 88 B) ==

  A:ic705->B:ht: 10 x 98 B
    1/10: keyed=4.34s rx=70080 confidence=0.981 decoded
    2/10: keyed=4.34s rx=70200 confidence=0.980 decoded
    3/10: keyed=4.34s rx=70080 confidence=0.980 decoded
    4/10: keyed=4.34s rx=70080 confidence=0.980 decoded
    5/10: keyed=4.34s rx=70080 confidence=0.980 decoded
    6/10: keyed=4.34s rx=70200 confidence=0.980 decoded
    7/10: keyed=4.34s rx=70080 confidence=0.980 decoded
    8/10: keyed=4.34s rx=70080 confidence=0.980 decoded
    9/10: keyed=4.34s rx=70080 confidence=0.980 decoded
    10/10: keyed=4.34s rx=70080 confidence=0.980 decoded

  B:ht->A:ic705: 10 x 98 B
    1/10: keyed=4.34s rx=70080 confidence=0.991 decoded
    2/10: keyed=4.34s rx=70200 confidence=0.991 decoded
    3/10: keyed=4.34s rx=70200 confidence=0.991 decoded
    4/10: keyed=4.34s rx=70080 confidence=0.992 decoded
    5/10: keyed=4.34s rx=70080 confidence=0.991 decoded
    6/10: keyed=4.33s rx=69960 confidence=0.991 decoded
    7/10: keyed=4.34s rx=70080 confidence=0.991 decoded
    8/10: keyed=4.34s rx=70200 confidence=0.990 decoded
    9/10: keyed=4.34s rx=70200 confidence=0.991 decoded
    10/10: keyed=4.33s rx=69960 confidence=0.991 decoded

== 600baud (ID 1, DATA chunk 193 B) ==

  A:ic705->B:ht: 10 x 203 B
    1/10: keyed=4.35s rx=70320 confidence=0.989 decoded
    2/10: keyed=4.35s rx=70200 confidence=0.989 decoded
    3/10: keyed=4.35s rx=70200 confidence=0.989 decoded
    4/10: keyed=4.35s rx=70200 confidence=0.989 decoded
    5/10: keyed=4.35s rx=70320 confidence=0.989 decoded
    6/10: keyed=4.35s rx=70200 confidence=0.989 decoded
    7/10: keyed=4.35s rx=70200 confidence=0.989 decoded
    8/10: keyed=4.35s rx=70200 confidence=0.989 decoded
    9/10: keyed=4.35s rx=70200 confidence=0.989 decoded
    10/10: keyed=4.35s rx=70200 confidence=0.989 decoded

  B:ht->A:ic705: 10 x 203 B
    1/10: keyed=4.35s rx=70200 confidence=0.991 decoded
    2/10: keyed=4.35s rx=70200 confidence=0.991 decoded
    3/10: keyed=4.35s rx=70200 confidence=0.990 decoded
    4/10: keyed=4.35s rx=70320 confidence=0.991 decoded
    5/10: keyed=4.35s rx=70320 confidence=0.990 decoded
    6/10: keyed=4.35s rx=70200 confidence=0.989 decoded
    7/10: keyed=4.35s rx=70200 confidence=0.990 decoded
    8/10: keyed=4.35s rx=70200 confidence=0.990 decoded
    9/10: keyed=4.35s rx=70320 confidence=0.990 decoded
    10/10: keyed=4.35s rx=70320 confidence=0.989 decoded

== 1200baud (ID 2, DATA chunk 402 B) ==

  A:ic705->B:ht: 10 x 412 B
    1/10: keyed=4.35s rx=70200 confidence=0.974 decoded
    2/10: keyed=4.35s rx=70200 confidence=0.981 decoded
    3/10: keyed=4.35s rx=70320 confidence=0.981 decoded
    4/10: keyed=4.35s rx=70200 confidence=0.980 decoded
    5/10: keyed=4.35s rx=70200 confidence=0.979 decoded
    6/10: keyed=4.35s rx=70200 confidence=0.981 decoded
    7/10: keyed=4.35s rx=70200 confidence=0.981 decoded
    8/10: keyed=4.35s rx=70320 confidence=0.976 decoded
    9/10: keyed=4.35s rx=70200 confidence=0.978 decoded
    10/10: keyed=4.35s rx=70200 confidence=0.973 decoded

  B:ht->A:ic705: 10 x 412 B
    1/10: keyed=4.35s rx=70320 confidence=0.938 decoded
    2/10: keyed=4.35s rx=70320 confidence=0.935 decoded
    3/10: keyed=4.35s rx=70320 confidence=0.930 decoded
    4/10: keyed=4.35s rx=70320 confidence=0.939 decoded
    5/10: keyed=4.35s rx=70200 confidence=0.940 decoded
    6/10: keyed=4.35s rx=70320 confidence=0.932 decoded
    7/10: keyed=4.35s rx=70320 confidence=0.940 decoded
    8/10: keyed=4.35s rx=70320 confidence=0.937 decoded
    9/10: keyed=4.35s rx=70200 confidence=0.933 payload_failed
    10/10: keyed=4.35s rx=70320 confidence=0.937 decoded

== vf12 (ID 18, DATA chunk 2900 B) ==

  A:ic705->B:ht: 10 x 2910 B
    1/10: keyed=5.30s rx=81840 confidence=0.990 decoded
    2/10: keyed=5.30s rx=81600 confidence=0.990 decoded
    3/10: keyed=5.30s rx=81720 confidence=0.990 decoded
    4/10: keyed=5.30s rx=81720 confidence=0.990 decoded
    5/10: keyed=5.30s rx=81720 confidence=0.990 decoded
    6/10: keyed=5.30s rx=81720 confidence=0.989 decoded
    7/10: keyed=5.30s rx=81720 confidence=0.989 decoded
    8/10: keyed=5.30s rx=81720 confidence=0.990 decoded
    9/10: keyed=5.30s rx=81600 confidence=0.989 decoded
    10/10: keyed=5.30s rx=81720 confidence=0.990 decoded

  B:ht->A:ic705: 10 x 2910 B
    1/10: keyed=5.30s rx=81600 confidence=0.962 payload_failed
    2/10: keyed=5.30s rx=81600 confidence=0.954 payload_failed
    3/10: keyed=5.30s rx=81720 confidence=0.950 payload_failed
    4/10: keyed=5.30s rx=81720 confidence=0.954 payload_failed
    5/10: keyed=5.30s rx=81720 confidence=0.957 payload_failed
    6/10: keyed=5.30s rx=81720 confidence=0.955 payload_failed
    7/10: keyed=5.30s rx=81720 confidence=0.955 payload_failed
    8/10: keyed=5.30s rx=81720 confidence=0.950 payload_failed
    9/10: keyed=5.30s rx=81720 confidence=0.951 payload_failed
    10/10: keyed=5.30s rx=81720 confidence=0.953 payload_failed

== vf4 (ID 8, DATA chunk 4982 B) ==

  A:ic705->B:ht: 10 x 4992 B
    1/10: keyed=6.51s rx=96600 confidence=0.996 payload_failed
    2/10: keyed=6.51s rx=96600 confidence=0.997 payload_failed
    3/10: keyed=6.51s rx=96600 confidence=0.997 payload_failed
    4/10: keyed=6.51s rx=96600 confidence=0.997 payload_failed
    5/10: keyed=6.51s rx=96720 confidence=0.997 payload_failed
    6/10: keyed=6.51s rx=96720 confidence=0.996 payload_failed
    7/10: keyed=6.51s rx=96600 confidence=0.997 payload_failed
    8/10: keyed=6.51s rx=96600 confidence=0.996 payload_failed
    9/10: keyed=6.51s rx=96600 confidence=0.997 payload_failed
    10/10: keyed=6.51s rx=96600 confidence=0.997 payload_failed

  B:ht->A:ic705: 10 x 4992 B
    1/10: keyed=6.51s rx=96600 confidence=0.995 payload_failed
    2/10: keyed=6.51s rx=96600 confidence=0.994 payload_failed
    3/10: keyed=6.51s rx=96600 confidence=0.994 payload_failed
    4/10: keyed=6.51s rx=96600 confidence=0.994 payload_failed
    5/10: keyed=6.51s rx=96600 confidence=0.994 payload_failed
    6/10: keyed=6.51s rx=96600 confidence=0.994 payload_failed
    7/10: keyed=6.51s rx=96600 confidence=0.994 payload_failed
    8/10: keyed=6.51s rx=96600 confidence=0.995 payload_failed
    9/10: keyed=6.51s rx=96600 confidence=0.995 payload_failed
    10/10: keyed=6.51s rx=96600 confidence=0.994 payload_failed

== vf6 (ID 6, DATA chunk 10218 B) ==

  A:ic705->B:ht: 10 x 10228 B
    1/10: keyed=6.51s rx=97080 confidence=0.993 payload_failed
    2/10: keyed=6.51s rx=96960 confidence=0.993 payload_failed
    3/10: keyed=6.51s rx=97080 confidence=0.993 payload_failed
    4/10: keyed=6.51s rx=97080 confidence=0.993 payload_failed
    5/10: keyed=6.51s rx=97080 confidence=0.993 payload_failed
    6/10: keyed=6.51s rx=96960 confidence=0.993 payload_failed
    7/10: keyed=6.51s rx=97080 confidence=0.993 payload_failed
    8/10: keyed=6.51s rx=96960 confidence=0.994 payload_failed
    9/10: keyed=6.51s rx=97080 confidence=0.993 payload_failed
    10/10: keyed=6.51s rx=97080 confidence=0.993 payload_failed

  B:ht->A:ic705: 10 x 10228 B
    1/10: keyed=6.51s rx=97080 confidence=0.997 payload_failed
    2/10: keyed=6.51s rx=96960 confidence=0.997 payload_failed
    3/10: keyed=6.51s rx=97080 confidence=0.997 payload_failed
    4/10: keyed=6.51s rx=97080 confidence=0.997 payload_failed
    5/10: keyed=6.51s rx=97080 confidence=0.997 payload_failed
    6/10: keyed=6.51s rx=97080 confidence=0.997 payload_failed
    7/10: keyed=6.51s rx=97080 confidence=0.997 payload_failed
    8/10: keyed=6.51s rx=96960 confidence=0.997 payload_failed
    9/10: keyed=6.51s rx=97080 confidence=0.997 payload_failed
    10/10: keyed=6.51s rx=97200 confidence=0.997 payload_failed

== RESULTS ==
   300baud A:ic705->B:ht: 10/10 (100.0%), 95% CI 72.2-100.0%, 162 useful bit/s
   300baud B:ht->A:ic705: 10/10 (100.0%), 95% CI 72.2-100.0%, 162 useful bit/s
   600baud A:ic705->B:ht: 10/10 (100.0%), 95% CI 72.2-100.0%, 355 useful bit/s
   600baud B:ht->A:ic705: 10/10 (100.0%), 95% CI 72.2-100.0%, 355 useful bit/s
  1200baud A:ic705->B:ht: 10/10 (100.0%), 95% CI 72.2-100.0%, 740 useful bit/s
  1200baud B:ht->A:ic705: 9/10 (90.0%), 95% CI 59.6-98.2%, 666 useful bit/s
      vf12 A:ic705->B:ht: 10/10 (100.0%), 95% CI 72.2-100.0%, 4380 useful bit/s
      vf12 B:ht->A:ic705: 0/10 (0.0%), 95% CI 0.0-27.8%, 0 useful bit/s
       vf4 A:ic705->B:ht: 0/10 (0.0%), 95% CI 0.0-27.8%, 0 useful bit/s
       vf4 B:ht->A:ic705: 0/10 (0.0%), 95% CI 0.0-27.8%, 0 useful bit/s
       vf6 A:ic705->B:ht: 0/10 (0.0%), 95% CI 0.0-27.8%, 0 useful bit/s
       vf6 B:ht->A:ic705: 0/10 (0.0%), 95% CI 0.0-27.8%, 0 useful bit/s
wrote logs\mode_qualification\fm\2026-09-13-kguv9d-level-fixed\result.json
