144 points x 10 trials = 1440 trials on 11 workers
  [1/144]    bps3_cp24_fec23_pi10_pb1000                   awgn   14.0 dB   10/10  (100.0%) [0.72,1.00] 11.0s
  [2/144]    bps3_cp24_fec23_pi10_pb1000                   awgn   19.0 dB   10/10  (100.0%) [0.72,1.00] 10.6s
  [3/144]    bps3_cp24_fec23_pi10_pb1000                   awgn   24.0 dB   10/10  (100.0%) [0.72,1.00] 10.0s
  [4/144]    bps3_cp24_fec23_pi10_pb1000     mid_latitude_quiet   14.0 dB    5/10  ( 50.0%) [0.24,0.76] 16.0s
  [5/144]    bps3_cp24_fec23_pi10_pb1000     mid_latitude_quiet   19.0 dB    9/10  ( 90.0%) [0.60,0.98] 12.4s
  [6/144]    bps3_cp24_fec23_pi10_pb1000     mid_latitude_quiet   24.0 dB    9/10  ( 90.0%) [0.60,0.98] 11.8s
  [7/144]    bps3_cp24_fec23_pi10_pb1000  mid_latitude_moderate   14.0 dB    0/10  (  0.0%) [0.00,0.28] 13.8s
  [8/144]    bps3_cp24_fec23_pi10_pb1000  mid_latitude_moderate   19.0 dB    3/10  ( 30.0%) [0.11,0.60] 10.8s
  [9/144]    bps3_cp24_fec23_pi10_pb1000  mid_latitude_moderate   24.0 dB    5/10  ( 50.0%) [0.24,0.76] 10.4s
  [10/144]    bps3_cp24_fec23_pi10_pb1000 mid_latitude_disturbed   14.0 dB    0/10  (  0.0%) [0.00,0.28] 18.9s
  [11/144]    bps3_cp24_fec23_pi10_pb1000 mid_latitude_disturbed   19.0 dB    0/10  (  0.0%) [0.00,0.28] 18.2s
  [12/144]    bps3_cp24_fec23_pi10_pb1000 mid_latitude_disturbed   24.0 dB    3/10  ( 30.0%) [0.11,0.60] 15.4s
  [13/144] bps3_cp24_fec23_pi10_cs7leg_pb1000                   awgn   14.0 dB    0/10  (  0.0%) [0.00,0.28] 13.6s
  [14/144] bps3_cp24_fec23_pi10_cs7leg_pb1000                   awgn   19.0 dB    0/10  (  0.0%) [0.00,0.28] 13.3s
  [15/144] bps3_cp24_fec23_pi10_cs7leg_pb1000                   awgn   24.0 dB    9/10  ( 90.0%) [0.60,0.98] 8.0s
  [16/144] bps3_cp24_fec23_pi10_cs7leg_pb1000     mid_latitude_quiet   14.0 dB    0/10  (  0.0%) [0.00,0.28] 18.2s
  [17/144] bps3_cp24_fec23_pi10_cs7leg_pb1000     mid_latitude_quiet   19.0 dB    0/10  (  0.0%) [0.00,0.28] 18.9s
  [18/144] bps3_cp24_fec23_pi10_cs7leg_pb1000     mid_latitude_quiet   24.0 dB    1/10  ( 10.0%) [0.02,0.40] 17.5s
  [19/144] bps3_cp24_fec23_pi10_cs7leg_pb1000  mid_latitude_moderate   14.0 dB    0/10  (  0.0%) [0.00,0.28] 17.3s
  [20/144] bps3_cp24_fec23_pi10_cs7leg_pb1000  mid_latitude_moderate   19.0 dB    0/10  (  0.0%) [0.00,0.28] 18.3s
  [21/144] bps3_cp24_fec23_pi10_cs7leg_pb1000  mid_latitude_moderate   24.0 dB    0/10  (  0.0%) [0.00,0.28] 20.7s
  [22/144] bps3_cp24_fec23_pi10_cs7leg_pb1000 mid_latitude_disturbed   14.0 dB    0/10  (  0.0%) [0.00,0.28] 20.6s
  [23/144] bps3_cp24_fec23_pi10_cs7leg_pb1000 mid_latitude_disturbed   19.0 dB    0/10  (  0.0%) [0.00,0.28] 20.8s
  [24/144] bps3_cp24_fec23_pi10_cs7leg_pb1000 mid_latitude_disturbed   24.0 dB    0/10  (  0.0%) [0.00,0.28] 21.3s
  [25/144] bps3_cp24_fec23_pi10_cs7res_pb1000                   awgn   14.0 dB    9/10  ( 90.0%) [0.60,0.98] 8.5s
  [26/144] bps3_cp24_fec23_pi10_cs7res_pb1000                   awgn   19.0 dB   10/10  (100.0%) [0.72,1.00] 6.0s
  [27/144] bps3_cp24_fec23_pi10_cs7res_pb1000                   awgn   24.0 dB   10/10  (100.0%) [0.72,1.00] 6.5s
  [28/144] bps3_cp24_fec23_pi10_cs7res_pb1000     mid_latitude_quiet   14.0 dB    2/10  ( 20.0%) [0.06,0.51] 22.1s
  [29/144] bps3_cp24_fec23_pi10_cs7res_pb1000     mid_latitude_quiet   19.0 dB    4/10  ( 40.0%) [0.17,0.69] 21.5s
  [30/144] bps3_cp24_fec23_pi10_cs7res_pb1000     mid_latitude_quiet   24.0 dB    7/10  ( 70.0%) [0.40,0.89] 18.0s
  [31/144] bps3_cp24_fec23_pi10_cs7res_pb1000  mid_latitude_moderate   14.0 dB    0/10  (  0.0%) [0.00,0.28] 24.3s
  [32/144] bps3_cp24_fec23_pi10_cs7res_pb1000  mid_latitude_moderate   19.0 dB    1/10  ( 10.0%) [0.02,0.40] 22.4s
  [33/144] bps3_cp24_fec23_pi10_cs7res_pb1000  mid_latitude_moderate   24.0 dB    0/10  (  0.0%) [0.00,0.28] 24.6s
  [34/144] bps3_cp24_fec23_pi10_cs7res_pb1000 mid_latitude_disturbed   14.0 dB    0/10  (  0.0%) [0.00,0.28] 23.8s
  [35/144] bps3_cp24_fec23_pi10_cs7res_pb1000 mid_latitude_disturbed   19.0 dB    0/10  (  0.0%) [0.00,0.28] 23.3s
  [36/144] bps3_cp24_fec23_pi10_cs7res_pb1000 mid_latitude_disturbed   24.0 dB    0/10  (  0.0%) [0.00,0.28] 19.4s
  [37/144] bps3_cp24_fec23_pi10_cs7con_pb1000                   awgn   14.0 dB   10/10  (100.0%) [0.72,1.00] 7.2s
  [38/144] bps3_cp24_fec23_pi10_cs7con_pb1000                   awgn   19.0 dB   10/10  (100.0%) [0.72,1.00] 6.5s
  [39/144] bps3_cp24_fec23_pi10_cs7con_pb1000                   awgn   24.0 dB   10/10  (100.0%) [0.72,1.00] 6.2s
  [40/144] bps3_cp24_fec23_pi10_cs7con_pb1000     mid_latitude_quiet   14.0 dB    3/10  ( 30.0%) [0.11,0.60] 19.1s
  [41/144] bps3_cp24_fec23_pi10_cs7con_pb1000     mid_latitude_quiet   19.0 dB    7/10  ( 70.0%) [0.40,0.89] 17.8s
  [42/144] bps3_cp24_fec23_pi10_cs7con_pb1000     mid_latitude_quiet   24.0 dB    8/10  ( 80.0%) [0.49,0.94] 16.1s
  [43/144] bps3_cp24_fec23_pi10_cs7con_pb1000  mid_latitude_moderate   14.0 dB    0/10  (  0.0%) [0.00,0.28] 21.2s
  [44/144] bps3_cp24_fec23_pi10_cs7con_pb1000  mid_latitude_moderate   19.0 dB    2/10  ( 20.0%) [0.06,0.51] 20.0s
  [45/144] bps3_cp24_fec23_pi10_cs7con_pb1000  mid_latitude_moderate   24.0 dB    0/10  (  0.0%) [0.00,0.28] 21.3s
  [46/144] bps3_cp24_fec23_pi10_cs7con_pb1000 mid_latitude_disturbed   14.0 dB    0/10  (  0.0%) [0.00,0.28] 19.7s
  [47/144] bps3_cp24_fec23_pi10_cs7con_pb1000 mid_latitude_disturbed   19.0 dB    0/10  (  0.0%) [0.00,0.28] 19.8s
  [48/144] bps3_cp24_fec23_pi10_cs7con_pb1000 mid_latitude_disturbed   24.0 dB    1/10  ( 10.0%) [0.02,0.40] 19.6s
  [49/144] bps3_cp24_fec23_pi10_cs4leg_pb1000                   awgn   14.0 dB    0/10  (  0.0%) [0.00,0.28] 14.2s
  [50/144] bps3_cp24_fec23_pi10_cs4leg_pb1000                   awgn   19.0 dB    0/10  (  0.0%) [0.00,0.28] 14.2s
  [51/144] bps3_cp24_fec23_pi10_cs4leg_pb1000                   awgn   24.0 dB    0/10  (  0.0%) [0.00,0.28] 13.4s
  [52/144] bps3_cp24_fec23_pi10_cs4leg_pb1000     mid_latitude_quiet   14.0 dB    0/10  (  0.0%) [0.00,0.28] 20.9s
  [53/144] bps3_cp24_fec23_pi10_cs4leg_pb1000     mid_latitude_quiet   19.0 dB    0/10  (  0.0%) [0.00,0.28] 21.1s
  [54/144] bps3_cp24_fec23_pi10_cs4leg_pb1000     mid_latitude_quiet   24.0 dB    0/10  (  0.0%) [0.00,0.28] 22.7s
  [55/144] bps3_cp24_fec23_pi10_cs4leg_pb1000  mid_latitude_moderate   14.0 dB    0/10  (  0.0%) [0.00,0.28] 22.5s
  [56/144] bps3_cp24_fec23_pi10_cs4leg_pb1000  mid_latitude_moderate   19.0 dB    0/10  (  0.0%) [0.00,0.28] 22.6s
  [57/144] bps3_cp24_fec23_pi10_cs4leg_pb1000  mid_latitude_moderate   24.0 dB    0/10  (  0.0%) [0.00,0.28] 20.1s
  [58/144] bps3_cp24_fec23_pi10_cs4leg_pb1000 mid_latitude_disturbed   14.0 dB    0/10  (  0.0%) [0.00,0.28] 16.0s
  [59/144] bps3_cp24_fec23_pi10_cs4leg_pb1000 mid_latitude_disturbed   19.0 dB    0/10  (  0.0%) [0.00,0.28] 15.5s
  [60/144] bps3_cp24_fec23_pi10_cs4leg_pb1000 mid_latitude_disturbed   24.0 dB    0/10  (  0.0%) [0.00,0.28] 13.4s
  [61/144] bps3_cp24_fec23_pi10_cs4res_pb1000                   awgn   14.0 dB    9/10  ( 90.0%) [0.60,0.98] 7.8s
  [62/144] bps3_cp24_fec23_pi10_cs4res_pb1000                   awgn   19.0 dB   10/10  (100.0%) [0.72,1.00] 6.0s
  [63/144] bps3_cp24_fec23_pi10_cs4res_pb1000                   awgn   24.0 dB   10/10  (100.0%) [0.72,1.00] 6.5s
  [64/144] bps3_cp24_fec23_pi10_cs4res_pb1000     mid_latitude_quiet   14.0 dB    1/10  ( 10.0%) [0.02,0.40] 24.2s
  [65/144] bps3_cp24_fec23_pi10_cs4res_pb1000     mid_latitude_quiet   19.0 dB    8/10  ( 80.0%) [0.49,0.94] 19.3s
  [66/144] bps3_cp24_fec23_pi10_cs4res_pb1000     mid_latitude_quiet   24.0 dB    7/10  ( 70.0%) [0.40,0.89] 20.6s
  [67/144] bps3_cp24_fec23_pi10_cs4res_pb1000  mid_latitude_moderate   14.0 dB    0/10  (  0.0%) [0.00,0.28] 23.6s
  [68/144] bps3_cp24_fec23_pi10_cs4res_pb1000  mid_latitude_moderate   19.0 dB    1/10  ( 10.0%) [0.02,0.40] 25.9s
  [69/144] bps3_cp24_fec23_pi10_cs4res_pb1000  mid_latitude_moderate   24.0 dB    2/10  ( 20.0%) [0.06,0.51] 24.6s
  [70/144] bps3_cp24_fec23_pi10_cs4res_pb1000 mid_latitude_disturbed   14.0 dB    0/10  (  0.0%) [0.00,0.28] 15.4s
  [71/144] bps3_cp24_fec23_pi10_cs4res_pb1000 mid_latitude_disturbed   19.0 dB    0/10  (  0.0%) [0.00,0.28] 15.2s
  [72/144] bps3_cp24_fec23_pi10_cs4res_pb1000 mid_latitude_disturbed   24.0 dB    0/10  (  0.0%) [0.00,0.28] 16.5s
  [73/144]    bps3_cp36_fec23_pi10_pb1000                   awgn   14.0 dB   10/10  (100.0%) [0.72,1.00] 12.0s
  [74/144]    bps3_cp36_fec23_pi10_pb1000                   awgn   19.0 dB   10/10  (100.0%) [0.72,1.00] 11.3s
  [75/144]    bps3_cp36_fec23_pi10_pb1000                   awgn   24.0 dB   10/10  (100.0%) [0.72,1.00] 11.4s
  [76/144]    bps3_cp36_fec23_pi10_pb1000     mid_latitude_quiet   14.0 dB    1/10  ( 10.0%) [0.02,0.40] 18.9s
  [77/144]    bps3_cp36_fec23_pi10_pb1000     mid_latitude_quiet   19.0 dB    8/10  ( 80.0%) [0.49,0.94] 13.7s
  [78/144]    bps3_cp36_fec23_pi10_pb1000     mid_latitude_quiet   24.0 dB    9/10  ( 90.0%) [0.60,0.98] 12.6s
  [79/144]    bps3_cp36_fec23_pi10_pb1000  mid_latitude_moderate   14.0 dB    0/10  (  0.0%) [0.00,0.28] 17.9s
  [80/144]    bps3_cp36_fec23_pi10_pb1000  mid_latitude_moderate   19.0 dB    2/10  ( 20.0%) [0.06,0.51] 17.0s
  [81/144]    bps3_cp36_fec23_pi10_pb1000  mid_latitude_moderate   24.0 dB    2/10  ( 20.0%) [0.06,0.51] 16.9s
  [82/144]    bps3_cp36_fec23_pi10_pb1000 mid_latitude_disturbed   14.0 dB    0/10  (  0.0%) [0.00,0.28] 17.0s
  [83/144]    bps3_cp36_fec23_pi10_pb1000 mid_latitude_disturbed   19.0 dB    0/10  (  0.0%) [0.00,0.28] 18.2s
  [84/144]    bps3_cp36_fec23_pi10_pb1000 mid_latitude_disturbed   24.0 dB    0/10  (  0.0%) [0.00,0.28] 17.5s
  [85/144] bps3_cp36_fec23_pi10_cs7leg_pb1000                   awgn   14.0 dB    0/10  (  0.0%) [0.00,0.28] 13.0s
  [86/144] bps3_cp36_fec23_pi10_cs7leg_pb1000                   awgn   19.0 dB    1/10  ( 10.0%) [0.02,0.40] 12.2s
  [87/144] bps3_cp36_fec23_pi10_cs7leg_pb1000                   awgn   24.0 dB   10/10  (100.0%) [0.72,1.00] 6.1s
  [88/144] bps3_cp36_fec23_pi10_cs7leg_pb1000     mid_latitude_quiet   14.0 dB    0/10  (  0.0%) [0.00,0.28] 12.5s
  [89/144] bps3_cp36_fec23_pi10_cs7leg_pb1000     mid_latitude_quiet   19.0 dB    0/10  (  0.0%) [0.00,0.28] 12.0s
  [90/144] bps3_cp36_fec23_pi10_cs7leg_pb1000     mid_latitude_quiet   24.0 dB    0/10  (  0.0%) [0.00,0.28] 13.4s
  [91/144] bps3_cp36_fec23_pi10_cs7leg_pb1000  mid_latitude_moderate   14.0 dB    0/10  (  0.0%) [0.00,0.28] 18.8s
  [92/144] bps3_cp36_fec23_pi10_cs7leg_pb1000  mid_latitude_moderate   19.0 dB    0/10  (  0.0%) [0.00,0.28] 19.1s
  [93/144] bps3_cp36_fec23_pi10_cs7leg_pb1000  mid_latitude_moderate   24.0 dB    0/10  (  0.0%) [0.00,0.28] 17.9s
  [94/144] bps3_cp36_fec23_pi10_cs7leg_pb1000 mid_latitude_disturbed   14.0 dB    0/10  (  0.0%) [0.00,0.28] 16.0s
  [95/144] bps3_cp36_fec23_pi10_cs7leg_pb1000 mid_latitude_disturbed   19.0 dB    0/10  (  0.0%) [0.00,0.28] 19.0s
  [96/144] bps3_cp36_fec23_pi10_cs7leg_pb1000 mid_latitude_disturbed   24.0 dB    0/10  (  0.0%) [0.00,0.28] 17.6s
  [97/144] bps3_cp36_fec23_pi10_cs7res_pb1000                   awgn   14.0 dB   10/10  (100.0%) [0.72,1.00] 6.5s
  [98/144] bps3_cp36_fec23_pi10_cs7res_pb1000                   awgn   19.0 dB   10/10  (100.0%) [0.72,1.00] 5.3s
  [99/144] bps3_cp36_fec23_pi10_cs7res_pb1000                   awgn   24.0 dB   10/10  (100.0%) [0.72,1.00] 4.5s
  [100/144] bps3_cp36_fec23_pi10_cs7res_pb1000     mid_latitude_quiet   14.0 dB    1/10  ( 10.0%) [0.02,0.40] 12.1s
  [101/144] bps3_cp36_fec23_pi10_cs7res_pb1000     mid_latitude_quiet   19.0 dB    6/10  ( 60.0%) [0.31,0.83] 8.9s
  [102/144] bps3_cp36_fec23_pi10_cs7res_pb1000     mid_latitude_quiet   24.0 dB    6/10  ( 60.0%) [0.31,0.83] 8.3s
  [103/144] bps3_cp36_fec23_pi10_cs7res_pb1000  mid_latitude_moderate   14.0 dB    0/10  (  0.0%) [0.00,0.28] 19.5s
  [104/144] bps3_cp36_fec23_pi10_cs7res_pb1000  mid_latitude_moderate   19.0 dB    1/10  ( 10.0%) [0.02,0.40] 18.6s
  [105/144] bps3_cp36_fec23_pi10_cs7res_pb1000  mid_latitude_moderate   24.0 dB    2/10  ( 20.0%) [0.06,0.51] 19.1s
  [106/144] bps3_cp36_fec23_pi10_cs7res_pb1000 mid_latitude_disturbed   14.0 dB    0/10  (  0.0%) [0.00,0.28] 20.8s
  [107/144] bps3_cp36_fec23_pi10_cs7res_pb1000 mid_latitude_disturbed   19.0 dB    0/10  (  0.0%) [0.00,0.28] 20.6s
  [108/144] bps3_cp36_fec23_pi10_cs7res_pb1000 mid_latitude_disturbed   24.0 dB    0/10  (  0.0%) [0.00,0.28] 20.3s
  [109/144] bps3_cp36_fec23_pi10_cs7con_pb1000                   awgn   14.0 dB   10/10  (100.0%) [0.72,1.00] 5.5s
  [110/144] bps3_cp36_fec23_pi10_cs7con_pb1000                   awgn   19.0 dB   10/10  (100.0%) [0.72,1.00] 4.8s
  [111/144] bps3_cp36_fec23_pi10_cs7con_pb1000                   awgn   24.0 dB   10/10  (100.0%) [0.72,1.00] 4.9s
  [112/144] bps3_cp36_fec23_pi10_cs7con_pb1000     mid_latitude_quiet   14.0 dB    5/10  ( 50.0%) [0.24,0.76] 10.4s
  [113/144] bps3_cp36_fec23_pi10_cs7con_pb1000     mid_latitude_quiet   19.0 dB    7/10  ( 70.0%) [0.40,0.89] 8.1s
  [114/144] bps3_cp36_fec23_pi10_cs7con_pb1000     mid_latitude_quiet   24.0 dB    8/10  ( 80.0%) [0.49,0.94] 7.7s
  [115/144] bps3_cp36_fec23_pi10_cs7con_pb1000  mid_latitude_moderate   14.0 dB    0/10  (  0.0%) [0.00,0.28] 24.6s
  [116/144] bps3_cp36_fec23_pi10_cs7con_pb1000  mid_latitude_moderate   19.0 dB    2/10  ( 20.0%) [0.06,0.51] 23.1s
  [117/144] bps3_cp36_fec23_pi10_cs7con_pb1000  mid_latitude_moderate   24.0 dB    0/10  (  0.0%) [0.00,0.28] 24.5s
  [118/144] bps3_cp36_fec23_pi10_cs7con_pb1000 mid_latitude_disturbed   14.0 dB    0/10  (  0.0%) [0.00,0.28] 26.2s
  [119/144] bps3_cp36_fec23_pi10_cs7con_pb1000 mid_latitude_disturbed   19.0 dB    0/10  (  0.0%) [0.00,0.28] 25.8s
  [120/144] bps3_cp36_fec23_pi10_cs7con_pb1000 mid_latitude_disturbed   24.0 dB    2/10  ( 20.0%) [0.06,0.51] 25.5s
  [121/144] bps3_cp36_fec23_pi10_cs4leg_pb1000                   awgn   14.0 dB    0/10  (  0.0%) [0.00,0.28] 31.2s
  [122/144] bps3_cp36_fec23_pi10_cs4leg_pb1000                   awgn   19.0 dB    0/10  (  0.0%) [0.00,0.28] 31.0s
  [123/144] bps3_cp36_fec23_pi10_cs4leg_pb1000                   awgn   24.0 dB    0/10  (  0.0%) [0.00,0.28] 31.8s
  [124/144] bps3_cp36_fec23_pi10_cs4leg_pb1000     mid_latitude_quiet   14.0 dB    0/10  (  0.0%) [0.00,0.28] 33.9s
  [125/144] bps3_cp36_fec23_pi10_cs4leg_pb1000     mid_latitude_quiet   19.0 dB    0/10  (  0.0%) [0.00,0.28] 34.5s
  [126/144] bps3_cp36_fec23_pi10_cs4leg_pb1000     mid_latitude_quiet   24.0 dB    0/10  (  0.0%) [0.00,0.28] 34.4s
  [127/144] bps3_cp36_fec23_pi10_cs4leg_pb1000  mid_latitude_moderate   14.0 dB    0/10  (  0.0%) [0.00,0.28] 35.4s
  [128/144] bps3_cp36_fec23_pi10_cs4leg_pb1000  mid_latitude_moderate   19.0 dB    0/10  (  0.0%) [0.00,0.28] 37.8s
  [129/144] bps3_cp36_fec23_pi10_cs4leg_pb1000  mid_latitude_moderate   24.0 dB    0/10  (  0.0%) [0.00,0.28] 37.2s
  [130/144] bps3_cp36_fec23_pi10_cs4leg_pb1000 mid_latitude_disturbed   14.0 dB    0/10  (  0.0%) [0.00,0.28] 36.6s
  [131/144] bps3_cp36_fec23_pi10_cs4leg_pb1000 mid_latitude_disturbed   19.0 dB    0/10  (  0.0%) [0.00,0.28] 38.8s
  [132/144] bps3_cp36_fec23_pi10_cs4leg_pb1000 mid_latitude_disturbed   24.0 dB    0/10  (  0.0%) [0.00,0.28] 39.1s
  [133/144] bps3_cp36_fec23_pi10_cs4res_pb1000                   awgn   14.0 dB   10/10  (100.0%) [0.72,1.00] 28.6s
  [134/144] bps3_cp36_fec23_pi10_cs4res_pb1000                   awgn   19.0 dB   10/10  (100.0%) [0.72,1.00] 27.7s
  [135/144] bps3_cp36_fec23_pi10_cs4res_pb1000                   awgn   24.0 dB   10/10  (100.0%) [0.72,1.00] 27.7s
  [136/144] bps3_cp36_fec23_pi10_cs4res_pb1000     mid_latitude_quiet   14.0 dB    0/10  (  0.0%) [0.00,0.28] 38.0s
  [137/144] bps3_cp36_fec23_pi10_cs4res_pb1000     mid_latitude_quiet   19.0 dB    4/10  ( 40.0%) [0.17,0.69] 33.8s
  [138/144] bps3_cp36_fec23_pi10_cs4res_pb1000     mid_latitude_quiet   24.0 dB    4/10  ( 40.0%) [0.17,0.69] 31.4s
  [139/144] bps3_cp36_fec23_pi10_cs4res_pb1000  mid_latitude_moderate   14.0 dB    0/10  (  0.0%) [0.00,0.28] 27.8s
  [140/144] bps3_cp36_fec23_pi10_cs4res_pb1000  mid_latitude_moderate   19.0 dB    0/10  (  0.0%) [0.00,0.28] 28.0s
  [141/144] bps3_cp36_fec23_pi10_cs4res_pb1000  mid_latitude_moderate   24.0 dB    2/10  ( 20.0%) [0.06,0.51] 26.9s
  [142/144] bps3_cp36_fec23_pi10_cs4res_pb1000 mid_latitude_disturbed   14.0 dB    0/10  (  0.0%) [0.00,0.28] 26.5s
  [143/144] bps3_cp36_fec23_pi10_cs4res_pb1000 mid_latitude_disturbed   19.0 dB    0/10  (  0.0%) [0.00,0.28] 26.4s
  [144/144] bps3_cp36_fec23_pi10_cs4res_pb1000 mid_latitude_disturbed   24.0 dB    1/10  ( 10.0%) [0.02,0.40] 24.7s
wrote experiments/hf19_ofdm49_8psk/comb.json

== boundary summary (lowest SNR with success rate >= 90%, 'x' = not reached on this grid) ==
                        config  net bps  frame s           awgn mid_latitude_q mid_latitude_m mid_latitude_d
   bps3_cp24_fec23_pi10_pb1000   3804.8    2.090             14             19              x              x
   bps3_cp36_fec23_pi10_pb1000   3639.4    2.185             14             24              x              x
bps3_cp24_fec23_pi10_cs4leg_pb1000   2823.9    2.816              x              x              x              x
bps3_cp24_fec23_pi10_cs4res_pb1000   2823.9    2.816             14              x              x              x
bps3_cp24_fec23_pi10_cs7con_pb1000   3286.0    2.420             14              x              x              x
bps3_cp24_fec23_pi10_cs7leg_pb1000   3286.0    2.420             24              x              x              x
bps3_cp24_fec23_pi10_cs7res_pb1000   3286.0    2.420             14              x              x              x
bps3_cp36_fec23_pi10_cs4leg_pb1000   2701.1    2.944              x              x              x              x
bps3_cp36_fec23_pi10_cs4res_pb1000   2701.1    2.944             14              x              x              x
bps3_cp36_fec23_pi10_cs7con_pb1000   3143.1    2.530             14              x              x              x
bps3_cp36_fec23_pi10_cs7leg_pb1000   3143.1    2.530             24              x              x              x
bps3_cp36_fec23_pi10_cs7res_pb1000   3143.1    2.530             14              x              x              x

== boundary summary (lowest SNR with success rate >= 50%, 'x' = not reached on this grid) ==
                        config  net bps  frame s           awgn mid_latitude_q mid_latitude_m mid_latitude_d
   bps3_cp24_fec23_pi10_pb1000   3804.8    2.090             14             14             24              x
bps3_cp36_fec23_pi10_cs7con_pb1000   3143.1    2.530             14             14              x              x
bps3_cp24_fec23_pi10_cs4res_pb1000   2823.9    2.816             14             19              x              x
bps3_cp24_fec23_pi10_cs7con_pb1000   3286.0    2.420             14             19              x              x
bps3_cp36_fec23_pi10_cs7res_pb1000   3143.1    2.530             14             19              x              x
   bps3_cp36_fec23_pi10_pb1000   3639.4    2.185             14             19              x              x
bps3_cp24_fec23_pi10_cs7res_pb1000   3286.0    2.420             14             24              x              x
bps3_cp24_fec23_pi10_cs4leg_pb1000   2823.9    2.816              x              x              x              x
bps3_cp24_fec23_pi10_cs7leg_pb1000   3286.0    2.420             24              x              x              x
bps3_cp36_fec23_pi10_cs4leg_pb1000   2701.1    2.944              x              x              x              x
bps3_cp36_fec23_pi10_cs4res_pb1000   2701.1    2.944             14              x              x              x
bps3_cp36_fec23_pi10_cs7leg_pb1000   3143.1    2.530             24              x              x              x

== success rate at the highest tested SNR (24 dB) ==
                        config  net bps  frame s           awgn mid_latitude_q mid_latitude_m mid_latitude_d
bps3_cp24_fec23_pi10_cs4leg_pb1000   2823.9    2.816             0%             0%             0%             0%
bps3_cp24_fec23_pi10_cs4res_pb1000   2823.9    2.816           100%            70%            20%             0%
bps3_cp24_fec23_pi10_cs7con_pb1000   3286.0    2.420           100%            80%             0%            10%
bps3_cp24_fec23_pi10_cs7leg_pb1000   3286.0    2.420            90%            10%             0%             0%
bps3_cp24_fec23_pi10_cs7res_pb1000   3286.0    2.420           100%            70%             0%             0%
   bps3_cp24_fec23_pi10_pb1000   3804.8    2.090           100%            90%            50%            30%
bps3_cp36_fec23_pi10_cs4leg_pb1000   2701.1    2.944             0%             0%             0%             0%
bps3_cp36_fec23_pi10_cs4res_pb1000   2701.1    2.944           100%            40%            20%            10%
bps3_cp36_fec23_pi10_cs7con_pb1000   3143.1    2.530           100%            80%             0%            20%
bps3_cp36_fec23_pi10_cs7leg_pb1000   3143.1    2.530           100%             0%             0%             0%
bps3_cp36_fec23_pi10_cs7res_pb1000   3143.1    2.530           100%            60%            20%             0%
   bps3_cp36_fec23_pi10_pb1000   3639.4    2.185           100%            90%            20%             0%
