96 points x 40 trials = 3840 trials on 11 workers
  [1/96]    bps5_cp24_fec34_pi20_pb4738                   awgn   10.0 dB    0/40  (  0.0%) [0.00,0.09] 268.0s
  [2/96]    bps5_cp24_fec34_pi20_pb4738                   awgn   12.0 dB    0/40  (  0.0%) [0.00,0.09] 270.8s
  [3/96]    bps5_cp24_fec34_pi20_pb4738                   awgn   14.0 dB    0/40  (  0.0%) [0.00,0.09] 264.1s
  [4/96]    bps5_cp24_fec34_pi20_pb4738                   awgn   16.0 dB    0/40  (  0.0%) [0.00,0.09] 269.1s
  [5/96]    bps5_cp24_fec34_pi20_pb4738                   awgn   18.0 dB   25/40  ( 62.5%) [0.47,0.76] 245.0s
  [6/96]    bps5_cp24_fec34_pi20_pb4738                   awgn   20.0 dB   37/40  ( 92.5%) [0.80,0.97] 237.0s
  [7/96]    bps5_cp24_fec34_pi20_pb4738                   awgn   22.0 dB   40/40  (100.0%) [0.91,1.00] 224.6s
  [8/96]    bps5_cp24_fec34_pi20_pb4738                   awgn   24.0 dB   40/40  (100.0%) [0.91,1.00] 223.9s
  [9/96]    bps5_cp24_fec34_pi20_pb4738     mid_latitude_quiet   10.0 dB    0/40  (  0.0%) [0.00,0.09] 272.1s
  [10/96]    bps5_cp24_fec34_pi20_pb4738     mid_latitude_quiet   12.0 dB    0/40  (  0.0%) [0.00,0.09] 276.2s
  [11/96]    bps5_cp24_fec34_pi20_pb4738     mid_latitude_quiet   14.0 dB    0/40  (  0.0%) [0.00,0.09] 270.9s
  [12/96]    bps5_cp24_fec34_pi20_pb4738     mid_latitude_quiet   16.0 dB    0/40  (  0.0%) [0.00,0.09] 246.4s
  [13/96]    bps5_cp24_fec34_pi20_pb4738     mid_latitude_quiet   18.0 dB    1/40  (  2.5%) [0.00,0.13] 249.2s
  [14/96]    bps5_cp24_fec34_pi20_pb4738     mid_latitude_quiet   20.0 dB    3/40  (  7.5%) [0.03,0.20] 247.5s
  [15/96]    bps5_cp24_fec34_pi20_pb4738     mid_latitude_quiet   22.0 dB    1/40  (  2.5%) [0.00,0.13] 246.5s
  [16/96]    bps5_cp24_fec34_pi20_pb4738     mid_latitude_quiet   24.0 dB    7/40  ( 17.5%) [0.09,0.32] 238.9s
  [17/96]    bps5_cp24_fec34_pi20_pb4738  mid_latitude_moderate   10.0 dB    0/40  (  0.0%) [0.00,0.09] 240.8s
  [18/96]    bps5_cp24_fec34_pi20_pb4738  mid_latitude_moderate   12.0 dB    0/40  (  0.0%) [0.00,0.09] 240.0s
  [19/96]    bps5_cp24_fec34_pi20_pb4738  mid_latitude_moderate   14.0 dB    0/40  (  0.0%) [0.00,0.09] 234.6s
  [20/96]    bps5_cp24_fec34_pi20_pb4738  mid_latitude_moderate   16.0 dB    0/40  (  0.0%) [0.00,0.09] 239.6s
  [21/96]    bps5_cp24_fec34_pi20_pb4738  mid_latitude_moderate   18.0 dB    0/40  (  0.0%) [0.00,0.09] 239.6s
  [22/96]    bps5_cp24_fec34_pi20_pb4738  mid_latitude_moderate   20.0 dB    0/40  (  0.0%) [0.00,0.09] 241.3s
  [23/96]    bps5_cp24_fec34_pi20_pb4738  mid_latitude_moderate   22.0 dB    0/40  (  0.0%) [0.00,0.09] 163.0s
  [24/96]    bps5_cp24_fec34_pi20_pb4738  mid_latitude_moderate   24.0 dB    0/40  (  0.0%) [0.00,0.09] 165.4s
  [25/96]    bps5_cp24_fec34_pi20_pb4738 mid_latitude_disturbed   10.0 dB    0/40  (  0.0%) [0.00,0.09] 98.8s
  [26/96]    bps5_cp24_fec34_pi20_pb4738 mid_latitude_disturbed   12.0 dB    0/40  (  0.0%) [0.00,0.09] 99.0s
  [27/96]    bps5_cp24_fec34_pi20_pb4738 mid_latitude_disturbed   14.0 dB    0/40  (  0.0%) [0.00,0.09] 96.9s
  [28/96]    bps5_cp24_fec34_pi20_pb4738 mid_latitude_disturbed   16.0 dB    0/40  (  0.0%) [0.00,0.09] 96.2s
  [29/96]    bps5_cp24_fec34_pi20_pb4738 mid_latitude_disturbed   18.0 dB    0/40  (  0.0%) [0.00,0.09] 97.5s
  [30/96]    bps5_cp24_fec34_pi20_pb4738 mid_latitude_disturbed   20.0 dB    0/40  (  0.0%) [0.00,0.09] 95.2s
  [31/96]    bps5_cp24_fec34_pi20_pb4738 mid_latitude_disturbed   22.0 dB    0/40  (  0.0%) [0.00,0.09] 100.1s
  [32/96]    bps5_cp24_fec34_pi20_pb4738 mid_latitude_disturbed   24.0 dB    0/40  (  0.0%) [0.00,0.09] 95.3s
  [33/96]    bps3_cp24_fec23_pi10_pb1026                   awgn   10.0 dB    5/40  ( 12.5%) [0.05,0.26] 57.1s
  [34/96]    bps3_cp24_fec23_pi10_pb1026                   awgn   12.0 dB   40/40  (100.0%) [0.91,1.00] 39.9s
  [35/96]    bps3_cp24_fec23_pi10_pb1026                   awgn   14.0 dB   40/40  (100.0%) [0.91,1.00] 40.0s
  [36/96]    bps3_cp24_fec23_pi10_pb1026                   awgn   16.0 dB   40/40  (100.0%) [0.91,1.00] 42.3s
  [37/96]    bps3_cp24_fec23_pi10_pb1026                   awgn   18.0 dB   40/40  (100.0%) [0.91,1.00] 43.5s
  [38/96]    bps3_cp24_fec23_pi10_pb1026                   awgn   20.0 dB   40/40  (100.0%) [0.91,1.00] 44.8s
  [39/96]    bps3_cp24_fec23_pi10_pb1026                   awgn   22.0 dB   40/40  (100.0%) [0.91,1.00] 43.9s
  [40/96]    bps3_cp24_fec23_pi10_pb1026                   awgn   24.0 dB   40/40  (100.0%) [0.91,1.00] 43.2s
  [41/96]    bps3_cp24_fec23_pi10_pb1026     mid_latitude_quiet   10.0 dB    0/40  (  0.0%) [0.00,0.09] 72.1s
  [42/96]    bps3_cp24_fec23_pi10_pb1026     mid_latitude_quiet   12.0 dB    6/40  ( 15.0%) [0.07,0.29] 69.2s
  [43/96]    bps3_cp24_fec23_pi10_pb1026     mid_latitude_quiet   14.0 dB   20/40  ( 50.0%) [0.35,0.65] 59.7s
  [44/96]    bps3_cp24_fec23_pi10_pb1026     mid_latitude_quiet   16.0 dB   25/40  ( 62.5%) [0.47,0.76] 53.5s
  [45/96]    bps3_cp24_fec23_pi10_pb1026     mid_latitude_quiet   18.0 dB   26/40  ( 65.0%) [0.50,0.78] 48.3s
  [46/96]    bps3_cp24_fec23_pi10_pb1026     mid_latitude_quiet   20.0 dB   31/40  ( 77.5%) [0.62,0.88] 45.4s
  [47/96]    bps3_cp24_fec23_pi10_pb1026     mid_latitude_quiet   22.0 dB   31/40  ( 77.5%) [0.62,0.88] 43.1s
  [48/96]    bps3_cp24_fec23_pi10_pb1026     mid_latitude_quiet   24.0 dB   36/40  ( 90.0%) [0.77,0.96] 39.3s
  [49/96]    bps3_cp24_fec23_pi10_pb1026  mid_latitude_moderate   10.0 dB    0/40  (  0.0%) [0.00,0.09] 49.2s
  [50/96]    bps3_cp24_fec23_pi10_pb1026  mid_latitude_moderate   12.0 dB    0/40  (  0.0%) [0.00,0.09] 48.9s
  [51/96]    bps3_cp24_fec23_pi10_pb1026  mid_latitude_moderate   14.0 dB    2/40  (  5.0%) [0.01,0.17] 46.9s
  [52/96]    bps3_cp24_fec23_pi10_pb1026  mid_latitude_moderate   16.0 dB    0/40  (  0.0%) [0.00,0.09] 46.0s
  [53/96]    bps3_cp24_fec23_pi10_pb1026  mid_latitude_moderate   18.0 dB    2/40  (  5.0%) [0.01,0.17] 45.8s
  [54/96]    bps3_cp24_fec23_pi10_pb1026  mid_latitude_moderate   20.0 dB    5/40  ( 12.5%) [0.05,0.26] 44.2s
  [55/96]    bps3_cp24_fec23_pi10_pb1026  mid_latitude_moderate   22.0 dB    7/40  ( 17.5%) [0.09,0.32] 39.4s
  [56/96]    bps3_cp24_fec23_pi10_pb1026  mid_latitude_moderate   24.0 dB    6/40  ( 15.0%) [0.07,0.29] 39.8s
  [57/96]    bps3_cp24_fec23_pi10_pb1026 mid_latitude_disturbed   10.0 dB    0/40  (  0.0%) [0.00,0.09] 53.8s
  [58/96]    bps3_cp24_fec23_pi10_pb1026 mid_latitude_disturbed   12.0 dB    0/40  (  0.0%) [0.00,0.09] 54.0s
  [59/96]    bps3_cp24_fec23_pi10_pb1026 mid_latitude_disturbed   14.0 dB    0/40  (  0.0%) [0.00,0.09] 53.3s
  [60/96]    bps3_cp24_fec23_pi10_pb1026 mid_latitude_disturbed   16.0 dB    0/40  (  0.0%) [0.00,0.09] 55.3s
  [61/96]    bps3_cp24_fec23_pi10_pb1026 mid_latitude_disturbed   18.0 dB    0/40  (  0.0%) [0.00,0.09] 53.3s
  [62/96]    bps3_cp24_fec23_pi10_pb1026 mid_latitude_disturbed   20.0 dB    1/40  (  2.5%) [0.00,0.13] 54.4s
  [63/96]    bps3_cp24_fec23_pi10_pb1026 mid_latitude_disturbed   22.0 dB    2/40  (  5.0%) [0.01,0.17] 59.9s
  [64/96]    bps3_cp24_fec23_pi10_pb1026 mid_latitude_disturbed   24.0 dB    3/40  (  7.5%) [0.03,0.20] 57.1s
  [65/96]    bps3_cp24_fec23_pi10_pb2430                   awgn   10.0 dB    0/40  (  0.0%) [0.00,0.09] 109.4s
  [66/96]    bps3_cp24_fec23_pi10_pb2430                   awgn   12.0 dB   34/40  ( 85.0%) [0.71,0.93] 77.9s
  [67/96]    bps3_cp24_fec23_pi10_pb2430                   awgn   14.0 dB   39/40  ( 97.5%) [0.87,1.00] 66.6s
  [68/96]    bps3_cp24_fec23_pi10_pb2430                   awgn   16.0 dB   40/40  (100.0%) [0.91,1.00] 65.0s
  [69/96]    bps3_cp24_fec23_pi10_pb2430                   awgn   18.0 dB   40/40  (100.0%) [0.91,1.00] 65.6s
  [70/96]    bps3_cp24_fec23_pi10_pb2430                   awgn   20.0 dB   40/40  (100.0%) [0.91,1.00] 59.1s
  [71/96]    bps3_cp24_fec23_pi10_pb2430                   awgn   22.0 dB   40/40  (100.0%) [0.91,1.00] 69.5s
  [72/96]    bps3_cp24_fec23_pi10_pb2430                   awgn   24.0 dB   40/40  (100.0%) [0.91,1.00] 69.1s
  [73/96]    bps3_cp24_fec23_pi10_pb2430     mid_latitude_quiet   10.0 dB    0/40  (  0.0%) [0.00,0.09] 229.6s
  [74/96]    bps3_cp24_fec23_pi10_pb2430     mid_latitude_quiet   12.0 dB    0/40  (  0.0%) [0.00,0.09] 251.2s
  [75/96]    bps3_cp24_fec23_pi10_pb2430     mid_latitude_quiet   14.0 dB    5/40  ( 12.5%) [0.05,0.26] 244.6s
  [76/96]    bps3_cp24_fec23_pi10_pb2430     mid_latitude_quiet   16.0 dB   10/40  ( 25.0%) [0.14,0.40] 243.8s
  [77/96]    bps3_cp24_fec23_pi10_pb2430     mid_latitude_quiet   18.0 dB   10/40  ( 25.0%) [0.14,0.40] 243.7s
  [78/96]    bps3_cp24_fec23_pi10_pb2430     mid_latitude_quiet   20.0 dB   13/40  ( 32.5%) [0.20,0.48] 244.6s
  [79/96]    bps3_cp24_fec23_pi10_pb2430     mid_latitude_quiet   22.0 dB   22/40  ( 55.0%) [0.40,0.69] 237.7s
  [80/96]    bps3_cp24_fec23_pi10_pb2430     mid_latitude_quiet   24.0 dB   19/40  ( 47.5%) [0.33,0.63] 237.5s
  [81/96]    bps3_cp24_fec23_pi10_pb2430  mid_latitude_moderate   10.0 dB    0/40  (  0.0%) [0.00,0.09] 119.2s
  [82/96]    bps3_cp24_fec23_pi10_pb2430  mid_latitude_moderate   12.0 dB    0/40  (  0.0%) [0.00,0.09] 125.6s
  [83/96]    bps3_cp24_fec23_pi10_pb2430  mid_latitude_moderate   14.0 dB    0/40  (  0.0%) [0.00,0.09] 124.0s
  [84/96]    bps3_cp24_fec23_pi10_pb2430  mid_latitude_moderate   16.0 dB    1/40  (  2.5%) [0.00,0.13] 117.2s
  [85/96]    bps3_cp24_fec23_pi10_pb2430  mid_latitude_moderate   18.0 dB    0/40  (  0.0%) [0.00,0.09] 114.4s
  [86/96]    bps3_cp24_fec23_pi10_pb2430  mid_latitude_moderate   20.0 dB    0/40  (  0.0%) [0.00,0.09] 119.3s
  [87/96]    bps3_cp24_fec23_pi10_pb2430  mid_latitude_moderate   22.0 dB    3/40  (  7.5%) [0.03,0.20] 108.6s
  [88/96]    bps3_cp24_fec23_pi10_pb2430  mid_latitude_moderate   24.0 dB    2/40  (  5.0%) [0.01,0.17] 103.6s
  [89/96]    bps3_cp24_fec23_pi10_pb2430 mid_latitude_disturbed   10.0 dB    0/40  (  0.0%) [0.00,0.09] 173.2s
  [90/96]    bps3_cp24_fec23_pi10_pb2430 mid_latitude_disturbed   12.0 dB    0/40  (  0.0%) [0.00,0.09] 173.0s
  [91/96]    bps3_cp24_fec23_pi10_pb2430 mid_latitude_disturbed   14.0 dB    0/40  (  0.0%) [0.00,0.09] 173.6s
  [92/96]    bps3_cp24_fec23_pi10_pb2430 mid_latitude_disturbed   16.0 dB    0/40  (  0.0%) [0.00,0.09] 174.8s
  [93/96]    bps3_cp24_fec23_pi10_pb2430 mid_latitude_disturbed   18.0 dB    0/40  (  0.0%) [0.00,0.09] 177.1s
  [94/96]    bps3_cp24_fec23_pi10_pb2430 mid_latitude_disturbed   20.0 dB    0/40  (  0.0%) [0.00,0.09] 170.2s
  [95/96]    bps3_cp24_fec23_pi10_pb2430 mid_latitude_disturbed   22.0 dB    0/40  (  0.0%) [0.00,0.09] 162.0s
  [96/96]    bps3_cp24_fec23_pi10_pb2430 mid_latitude_disturbed   24.0 dB    1/40  (  2.5%) [0.00,0.13] 160.8s
wrote experiments/hf19_ofdm49_8psk/confirm.json

== boundary summary (lowest SNR with success rate >= 90%, 'x' = not reached on this grid) ==
                        config  net bps  frame s           awgn mid_latitude_q mid_latitude_m mid_latitude_d
   bps3_cp24_fec23_pi10_pb1026   3904.3    2.090             12             24              x              x
   bps3_cp24_fec23_pi10_pb2430   3988.5    4.862             14              x              x              x
   bps5_cp24_fec34_pi20_pb4738   7821.5    4.840             20              x              x              x

== boundary summary (lowest SNR with success rate >= 50%, 'x' = not reached on this grid) ==
                        config  net bps  frame s           awgn mid_latitude_q mid_latitude_m mid_latitude_d
   bps3_cp24_fec23_pi10_pb1026   3904.3    2.090             12             14              x              x
   bps3_cp24_fec23_pi10_pb2430   3988.5    4.862             12              x              x              x
   bps5_cp24_fec34_pi20_pb4738   7821.5    4.840             18              x              x              x

== success rate at the highest tested SNR (24 dB) ==
                        config  net bps  frame s           awgn mid_latitude_q mid_latitude_m mid_latitude_d
   bps3_cp24_fec23_pi10_pb1026   3904.3    2.090           100%            90%            15%             8%
   bps3_cp24_fec23_pi10_pb2430   3988.5    4.862           100%            48%             5%             2%
   bps5_cp24_fec34_pi20_pb4738   7821.5    4.840           100%            18%             0%             0%
