hf8: bps=3 fec=2/3 pilot=10 payload=264 B codewords=5 frame=0.616s air~0.771s drive=0.008 crest=9.7dB net_frame=3428.6 net_air~2739.3 bps
hf7: bps=5 fec=3/4 pilot=20 payload=4732 B codewords=78 frame=4.840s air~4.995s drive=0.008 crest=8.9dB net_frame=7821.5 net_air~7578.8 bps

6 levels x 10 rounds x 2 arms; estimated 9 min
direction ic7300 -> ic705; levels [1.0, 0.5, 0.25, 0.125, 0.0625, 0.03125]

opening radios (ic7300, ic705)...
warming up 3s...
== drive x1 (+0.0 dB) ==
  x1       r  1 hf8: decoded         snr= 22.4dB raw_ber=0.0000 peak=4.02 running 1/1
  x1       r  1 hf7: decoded         snr= 28.0dB raw_ber=0.0125 peak=4.63 running 1/1
  x1       r  2 hf7: decoded         snr= 29.1dB raw_ber=0.0157 peak=4.71 running 2/2
  x1       r  2 hf8: decoded         snr= 24.5dB raw_ber=0.0000 peak=4.62 running 2/2
  x1       r  3 hf8: decoded         snr= 24.6dB raw_ber=0.0000 peak=3.98 running 3/3
  x1       r  3 hf7: decoded         snr= 30.7dB raw_ber=0.0177 peak=4.52 running 3/3
  x1       r  4 hf7: decoded         snr= 30.2dB raw_ber=0.0105 peak=4.51 running 4/4
  x1       r  4 hf8: decoded         snr= 24.4dB raw_ber=0.0000 peak=4.75 running 4/4
  x1       r  5 hf8: decoded         snr= 23.5dB raw_ber=0.0000 peak=4.69 running 5/5
  x1       r  5 hf7: decoded         snr= 29.9dB raw_ber=0.0113 peak=4.86 running 5/5
  x1       r  6 hf7: decoded         snr= 30.7dB raw_ber=0.0103 peak=4.05 running 6/6
  x1       r  6 hf8: decoded         snr= 24.7dB raw_ber=0.0009 peak=4.22 running 6/6
  x1       r  7 hf8: decoded         snr= 24.6dB raw_ber=0.0000 peak=4.60 running 7/7
  x1       r  7 hf7: decoded         snr= 28.9dB raw_ber=0.0102 peak=4.65 running 7/7
  x1       r  8 hf7: decoded         snr= 29.8dB raw_ber=0.0106 peak=3.80 running 8/8
  x1       r  8 hf8: decoded         snr= 25.6dB raw_ber=0.0000 peak=4.56 running 8/8
  x1       r  9 hf8: decoded         snr= 26.5dB raw_ber=0.0000 peak=4.59 running 9/9
  x1       r  9 hf7: decoded         snr= 30.5dB raw_ber=0.0135 peak=4.55 running 9/9
  x1       r 10 hf7: decoded         snr= 29.0dB raw_ber=0.0172 peak=4.67 running 10/10
  x1       r 10 hf8: decoded         snr= 25.5dB raw_ber=0.0000 peak=3.96 running 10/10
  -> x1 hf8: 10/10
  -> x1 hf7: 10/10
== drive x0.5 (-6.0 dB) ==
  x0.5     r  1 hf8: decoded         snr= 32.4dB raw_ber=0.0000 peak=4.75 running 1/1
  x0.5     r  1 hf7: crc_fail        snr= 31.0dB raw_ber=0.0135 peak=4.01 running 0/1
  x0.5     r  2 hf7: decoded         snr= 35.5dB raw_ber=0.0165 peak=3.98 running 1/2
  x0.5     r  2 hf8: decoded         snr= 31.9dB raw_ber=0.0000 peak=4.16 running 2/2
  x0.5     r  3 hf8: decoded         snr= 30.3dB raw_ber=0.0000 peak=4.39 running 3/3
  x0.5     r  3 hf7: crc_fail        snr= 33.2dB raw_ber=0.0190 peak=3.96 running 1/3
  x0.5     r  4 hf7: crc_fail        snr= 32.8dB raw_ber=0.0107 peak=4.23 running 1/4
  x0.5     r  4 hf8: decoded         snr= 31.4dB raw_ber=0.0000 peak=4.10 running 4/4
  x0.5     r  5 hf8: decoded         snr= 32.7dB raw_ber=0.0000 peak=4.37 running 5/5
  x0.5     r  5 hf7: crc_fail        snr= 32.1dB raw_ber=0.0141 peak=4.04 running 1/5
  x0.5     r  6 hf7: crc_fail        snr= 32.7dB raw_ber=0.0134 peak=3.97 running 1/6
  x0.5     r  6 hf8: decoded         snr= 28.6dB raw_ber=0.0012 peak=3.75 running 6/6
  x0.5     r  7 hf8: decoded         snr= 28.1dB raw_ber=0.0006 peak=3.83 running 7/7
  x0.5     r  7 hf7: decoded         snr= 30.8dB raw_ber=0.0121 peak=3.99 running 2/7
  x0.5     r  8 hf7: decoded         snr= 34.0dB raw_ber=0.0116 peak=4.12 running 3/8
  x0.5     r  8 hf8: decoded         snr= 27.9dB raw_ber=0.0000 peak=3.64 running 8/8
  x0.5     r  9 hf8: decoded         snr= 25.6dB raw_ber=0.0000 peak=3.69 running 9/9
  x0.5     r  9 hf7: decoded         snr= 31.9dB raw_ber=0.0163 peak=4.08 running 4/9
  x0.5     r 10 hf7: decoded         snr= 29.2dB raw_ber=0.0133 peak=4.07 running 5/10
  x0.5     r 10 hf8: decoded         snr= 31.5dB raw_ber=0.0000 peak=4.05 running 10/10
  -> x0.5 hf8: 10/10
  -> x0.5 hf7: 5/10
== drive x0.25 (-12.0 dB) ==
  x0.25    r  1 hf8: decoded         snr= 25.7dB raw_ber=0.0000 peak=3.86 running 1/1
  x0.25    r  1 hf7: no_sync         snr=n/a raw_ber=n/a peak=3.82 running 0/1
  x0.25    r  2 hf7: no_sync         snr=n/a raw_ber=n/a peak=4.20 running 0/2
  x0.25    r  2 hf8: decoded         snr= 24.9dB raw_ber=0.0000 peak=4.18 running 2/2
  x0.25    r  3 hf8: decoded         snr= 24.6dB raw_ber=0.0000 peak=3.85 running 3/3
  x0.25    r  3 hf7: no_sync         snr=n/a raw_ber=n/a peak=4.03 running 0/3
  x0.25    r  4 hf7: crc_fail        snr=  6.8dB raw_ber=0.4987 peak=3.85 running 0/4
  x0.25    r  4 hf8: decoded         snr= 28.2dB raw_ber=0.0000 peak=4.11 running 4/4
  x0.25    r  5 hf8: crc_fail        snr= -1.1dB raw_ber=0.4923 peak=3.76 running 4/5
  x0.25    r  5 hf7: no_sync         snr=n/a raw_ber=n/a peak=3.93 running 0/5
  x0.25    r  6 hf7: no_sync         snr=n/a raw_ber=n/a peak=4.16 running 0/6
  x0.25    r  6 hf8: decoded         snr= 23.6dB raw_ber=0.0000 peak=3.45 running 5/6
  x0.25    r  7 hf8: decoded         snr= 23.8dB raw_ber=0.0000 peak=4.22 running 6/7
  x0.25    r  7 hf7: no_sync         snr=n/a raw_ber=n/a peak=3.73 running 0/7
  x0.25    r  8 hf7: no_sync         snr=n/a raw_ber=n/a peak=3.99 running 0/8
  x0.25    r  8 hf8: decoded         snr= 27.5dB raw_ber=0.0000 peak=4.27 running 7/8
  x0.25    r  9 hf8: decoded         snr= 23.2dB raw_ber=0.0028 peak=4.06 running 8/9
  x0.25    r  9 hf7: no_sync         snr=n/a raw_ber=n/a peak=4.43 running 0/9
  x0.25    r 10 hf7: no_sync         snr=n/a raw_ber=n/a peak=3.81 running 0/10
  x0.25    r 10 hf8: decoded         snr= 26.9dB raw_ber=0.0006 peak=3.91 running 9/10
  -> x0.25 hf8: 9/10
  -> x0.25 hf7: 0/10
== drive x0.125 (-18.1 dB) ==
  x0.125   r  1 hf8: crc_fail        snr= -1.2dB raw_ber=0.4935 peak=3.85 running 0/1
  x0.125   r  1 hf7: no_sync         snr=n/a raw_ber=n/a peak=3.78 running 0/1
  x0.125   r  2 hf7: no_sync         snr=n/a raw_ber=n/a peak=3.86 running 0/2
  x0.125   r  2 hf8: crc_fail        snr=  2.1dB raw_ber=0.4978 peak=3.54 running 0/2
  x0.125   r  3 hf8: crc_fail        snr=  0.6dB raw_ber=0.5037 peak=3.96 running 0/3
  x0.125   r  3 hf7: no_sync         snr=n/a raw_ber=n/a peak=3.87 running 0/3
  x0.125   r  4 hf7: no_sync         snr=n/a raw_ber=n/a peak=3.84 running 0/4
  x0.125   r  4 hf8: crc_fail        snr=  1.9dB raw_ber=0.4954 peak=4.06 running 0/4
  x0.125   r  5 hf8: crc_fail        snr= -1.4dB raw_ber=0.4966 peak=3.70 running 0/5
  x0.125   r  5 hf7: no_sync         snr=n/a raw_ber=n/a peak=4.13 running 0/5
  x0.125   r  6 hf7: no_sync         snr=n/a raw_ber=n/a peak=4.01 running 0/6
  x0.125   r  6 hf8: crc_fail        snr= -6.9dB raw_ber=0.4904 peak=3.61 running 0/6
  x0.125   r  7 hf8: crc_fail        snr=  0.3dB raw_ber=0.4914 peak=3.83 running 0/7
  x0.125   r  7 hf7: no_sync         snr=n/a raw_ber=n/a peak=4.14 running 0/7
  x0.125   r  8 hf7: no_sync         snr=n/a raw_ber=n/a peak=4.16 running 0/8
  x0.125   r  8 hf8: crc_fail        snr=  1.3dB raw_ber=0.5160 peak=4.10 running 0/8
  x0.125   r  9 hf8: crc_fail        snr=  2.6dB raw_ber=0.4944 peak=3.48 running 0/9
  x0.125   r  9 hf7: no_sync         snr=n/a raw_ber=n/a peak=4.18 running 0/9
  x0.125   r 10 hf7: no_sync         snr=n/a raw_ber=n/a peak=4.15 running 0/10
  x0.125   r 10 hf8: crc_fail        snr= -1.3dB raw_ber=0.4957 peak=4.17 running 0/10
  -> x0.125 hf8: 0/10
  -> x0.125 hf7: 0/10
== drive x0.0625 (-24.1 dB) ==
  x0.0625  r  1 hf8: crc_fail        snr=  3.4dB raw_ber=0.4957 peak=4.30 running 0/1
  x0.0625  r  1 hf7: no_sync         snr=n/a raw_ber=n/a peak=4.33 running 0/1
  x0.0625  r  2 hf7: no_sync         snr=n/a raw_ber=n/a peak=4.04 running 0/2
  x0.0625  r  2 hf8: crc_fail        snr=  0.2dB raw_ber=0.5025 peak=4.06 running 0/2
  x0.0625  r  3 hf8: crc_fail        snr=  0.7dB raw_ber=0.4960 peak=3.38 running 0/3
  x0.0625  r  3 hf7: no_sync         snr=n/a raw_ber=n/a peak=4.16 running 0/3
  x0.0625  r  4 hf7: no_sync         snr=n/a raw_ber=n/a peak=3.86 running 0/4
  x0.0625  r  4 hf8: crc_fail        snr= -2.6dB raw_ber=0.5022 peak=3.88 running 0/4
  x0.0625  r  5 hf8: crc_fail        snr=  1.8dB raw_ber=0.5009 peak=4.25 running 0/5
  x0.0625  r  5 hf7: no_sync         snr=n/a raw_ber=n/a peak=3.98 running 0/5
  x0.0625  r  6 hf7: no_sync         snr=n/a raw_ber=n/a peak=3.93 running 0/6
  x0.0625  r  6 hf8: crc_fail        snr= -0.1dB raw_ber=0.5062 peak=3.97 running 0/6
  x0.0625  r  7 hf8: crc_fail        snr=  0.6dB raw_ber=0.4988 peak=3.59 running 0/7
  x0.0625  r  7 hf7: no_sync         snr=n/a raw_ber=n/a peak=4.06 running 0/7
  x0.0625  r  8 hf7: no_sync         snr=n/a raw_ber=n/a peak=4.12 running 0/8
  x0.0625  r  8 hf8: crc_fail        snr=  1.3dB raw_ber=0.4997 peak=4.17 running 0/8
  x0.0625  r  9 hf8: crc_fail        snr=  3.1dB raw_ber=0.5068 peak=3.96 running 0/9
  x0.0625  r  9 hf7: no_sync         snr=n/a raw_ber=n/a peak=4.31 running 0/9
  x0.0625  r 10 hf7: no_sync         snr=n/a raw_ber=n/a peak=4.24 running 0/10
  x0.0625  r 10 hf8: crc_fail        snr=  2.3dB raw_ber=0.5099 peak=3.99 running 0/10
  -> x0.0625 hf8: 0/10
  -> x0.0625 hf7: 0/10
== drive x0.03125 (-30.1 dB) ==
  x0.03125 r  1 hf8: crc_fail        snr=  1.7dB raw_ber=0.5025 peak=4.14 running 0/1
  x0.03125 r  1 hf7: no_sync         snr=n/a raw_ber=n/a peak=4.00 running 0/1
  x0.03125 r  2 hf7: no_sync         snr=n/a raw_ber=n/a peak=3.95 running 0/2
  x0.03125 r  2 hf8: crc_fail        snr=  1.3dB raw_ber=0.4907 peak=3.99 running 0/2
  x0.03125 r  3 hf8: crc_fail        snr=  3.1dB raw_ber=0.4954 peak=4.58 running 0/3
  x0.03125 r  3 hf7: no_sync         snr=n/a raw_ber=n/a peak=3.76 running 0/3
  x0.03125 r  4 hf7: no_sync         snr=n/a raw_ber=n/a peak=4.22 running 0/4
  x0.03125 r  4 hf8: crc_fail        snr=  0.9dB raw_ber=0.5012 peak=3.42 running 0/4
  x0.03125 r  5 hf8: crc_fail        snr= -2.4dB raw_ber=0.5151 peak=3.96 running 0/5
  x0.03125 r  5 hf7: no_sync         snr=n/a raw_ber=n/a peak=4.33 running 0/5
  x0.03125 r  6 hf7: no_sync         snr=n/a raw_ber=n/a peak=3.83 running 0/6
  x0.03125 r  6 hf8: crc_fail        snr=  3.1dB raw_ber=0.5117 peak=3.96 running 0/6
  x0.03125 r  7 hf8: crc_fail        snr= -2.5dB raw_ber=0.4975 peak=4.03 running 0/7
  x0.03125 r  7 hf7: no_sync         snr=n/a raw_ber=n/a peak=3.74 running 0/7
  x0.03125 r  8 hf7: no_sync         snr=n/a raw_ber=n/a peak=3.97 running 0/8
  x0.03125 r  8 hf8: crc_fail        snr=  0.3dB raw_ber=0.5028 peak=4.07 running 0/8
  x0.03125 r  9 hf8: crc_fail        snr=  1.9dB raw_ber=0.4917 peak=4.33 running 0/9
  x0.03125 r  9 hf7: no_sync         snr=n/a raw_ber=n/a peak=3.95 running 0/9
  x0.03125 r 10 hf7: no_sync         snr=n/a raw_ber=n/a peak=3.94 running 0/10
  x0.03125 r 10 hf8: crc_fail        snr=  1.5dB raw_ber=0.4815 peak=4.09 running 0/10
  -> x0.03125 hf8: 0/10
  -> x0.03125 hf7: 0/10

== SUMMARY: delivery by drive level ==
   level      dB            hf8            hf7
       1    +0.0    10/10   100%    10/10   100%
     0.5    -6.0    10/10   100%     5/10    50%
    0.25   -12.0     9/10    90%     0/10     0%
   0.125   -18.1     0/10     0%     0/10     0%
  0.0625   -24.1     0/10     0%     0/10     0%
 0.03125   -30.1     0/10     0%     0/10     0%

== breakpoint (lowest drive with >=90% delivery, 'x' = not reached) ==
  hf8: x0.25 (-12.0 dB)
  hf7: x1 (+0.0 dB)
  HF8 holds +12.0 dB of transmit audio below HF7

wrote C:\Users\ptsm\Projects\whalemodem\logs\mode_qualification\hf-ssb\hf19\20260907T194237Z-drive-sweep\result.json
