hf8: bps=3 fec=2/3 pilot=10 payload=264 B codewords=5 frame=0.616s air~0.771s drive=0.008 crest=9.7dB net_frame=3428.6 net_air~2739.3 bps
hf7: bps=5 fec=3/4 pilot=20 payload=4732 B codewords=78 frame=4.840s air~4.995s drive=0.008 crest=8.9dB net_frame=7821.5 net_air~7578.8 bps

6 levels x 10 rounds x 2 arms; estimated 9 min
direction ic705 -> ic7300; levels [1.0, 0.7, 0.5, 0.35, 0.25, 0.125]

opening radios (ic7300, ic705)...
warming up 3s...
== drive x1 (+0.0 dB) ==
  x1       r  1 hf8: decoded         snr= 24.8dB raw_ber=0.0028 peak=0.69 running 1/1
  x1       r  1 hf7: crc_fail        snr= 23.0dB raw_ber=0.0528 peak=0.67 running 0/1
  x1       r  2 hf7: crc_fail        snr= 24.5dB raw_ber=0.0559 peak=0.67 running 0/2
  x1       r  2 hf8: decoded         snr= 20.0dB raw_ber=0.0071 peak=0.72 running 2/2
  x1       r  3 hf8: decoded         snr= 21.1dB raw_ber=0.0043 peak=0.69 running 3/3
  x1       r  3 hf7: crc_fail        snr= 23.2dB raw_ber=0.0511 peak=0.66 running 0/3
  x1       r  4 hf7: crc_fail        snr= 24.9dB raw_ber=0.0504 peak=0.69 running 0/4
  x1       r  4 hf8: decoded         snr= 20.4dB raw_ber=0.0093 peak=0.68 running 4/4
  x1       r  5 hf8: decoded         snr= 20.3dB raw_ber=0.0037 peak=0.72 running 5/5
  x1       r  5 hf7: crc_fail        snr= 23.8dB raw_ber=0.0558 peak=0.71 running 0/5
  x1       r  6 hf7: crc_fail        snr= 23.9dB raw_ber=0.0475 peak=0.72 running 0/6
  x1       r  6 hf8: decoded         snr= 20.0dB raw_ber=0.0052 peak=0.76 running 6/6
  x1       r  7 hf8: decoded         snr= 20.1dB raw_ber=0.0077 peak=0.67 running 7/7
  x1       r  7 hf7: crc_fail        snr= 22.5dB raw_ber=0.0534 peak=0.74 running 0/7
  x1       r  8 hf7: crc_fail        snr= 23.3dB raw_ber=0.0487 peak=0.65 running 0/8
  x1       r  8 hf8: decoded         snr= 17.6dB raw_ber=0.0136 peak=0.75 running 8/8
  x1       r  9 hf8: decoded         snr= 18.7dB raw_ber=0.0096 peak=0.66 running 9/9
  x1       r  9 hf7: crc_fail        snr= 23.1dB raw_ber=0.0719 peak=0.76 running 0/9
  x1       r 10 hf7: crc_fail        snr= 21.6dB raw_ber=0.0878 peak=0.73 running 0/10
  x1       r 10 hf8: decoded         snr= 17.3dB raw_ber=0.0130 peak=0.63 running 10/10
  -> x1 hf8: 10/10
  -> x1 hf7: 0/10
== drive x0.7 (-3.1 dB) ==
  x0.7     r  1 hf8: decoded         snr= 18.6dB raw_ber=0.0025 peak=0.66 running 1/1
  x0.7     r  1 hf7: crc_fail        snr= 20.8dB raw_ber=0.0883 peak=0.70 running 0/1
  x0.7     r  2 hf7: crc_fail        snr= 22.0dB raw_ber=0.0807 peak=0.73 running 0/2
  x0.7     r  2 hf8: decoded         snr= 17.1dB raw_ber=0.0130 peak=0.65 running 2/2
  x0.7     r  3 hf8: decoded         snr= 18.5dB raw_ber=0.0046 peak=0.68 running 3/3
  x0.7     r  3 hf7: crc_fail        snr= 21.7dB raw_ber=0.0793 peak=0.69 running 0/3
  x0.7     r  4 hf7: crc_fail        snr= 22.1dB raw_ber=0.1331 peak=0.69 running 0/4
  x0.7     r  4 hf8: decoded         snr= 18.0dB raw_ber=0.0080 peak=0.70 running 4/4
  x0.7     r  5 hf8: decoded         snr= 18.3dB raw_ber=0.0086 peak=0.67 running 5/5
  x0.7     r  5 hf7: crc_fail        snr= 24.0dB raw_ber=0.0721 peak=0.68 running 0/5
  x0.7     r  6 hf7: crc_fail        snr= 20.6dB raw_ber=0.0835 peak=0.73 running 0/6
  x0.7     r  6 hf8: decoded         snr= 18.9dB raw_ber=0.0108 peak=0.67 running 6/6
  x0.7     r  7 hf8: decoded         snr= 17.4dB raw_ber=0.0096 peak=0.75 running 7/7
  x0.7     r  7 hf7: crc_fail        snr= 21.7dB raw_ber=0.0937 peak=0.69 running 0/7
  x0.7     r  8 hf7: crc_fail        snr= 21.5dB raw_ber=0.0868 peak=0.65 running 0/8
  x0.7     r  8 hf8: decoded         snr= 20.5dB raw_ber=0.0123 peak=0.76 running 8/8
  x0.7     r  9 hf8: decoded         snr= 17.7dB raw_ber=0.0253 peak=0.68 running 9/9
  x0.7     r  9 hf7: crc_fail        snr= 21.6dB raw_ber=0.0873 peak=0.73 running 0/9
  x0.7     r 10 hf7: crc_fail        snr= 21.7dB raw_ber=0.0969 peak=0.74 running 0/10
  x0.7     r 10 hf8: decoded         snr= 17.4dB raw_ber=0.0114 peak=0.74 running 10/10
  -> x0.7 hf8: 10/10
  -> x0.7 hf7: 0/10
== drive x0.5 (-6.0 dB) ==
  x0.5     r  1 hf8: decoded         snr= 18.3dB raw_ber=0.0133 peak=0.75 running 1/1
  x0.5     r  1 hf7: crc_fail        snr= 19.8dB raw_ber=0.1304 peak=0.68 running 0/1
  x0.5     r  2 hf7: crc_fail        snr= 20.9dB raw_ber=0.1457 peak=0.66 running 0/2
  x0.5     r  2 hf8: decoded         snr= 15.3dB raw_ber=0.0438 peak=0.73 running 2/2
  x0.5     r  3 hf8: decoded         snr= 17.2dB raw_ber=0.0250 peak=0.66 running 3/3
  x0.5     r  3 hf7: crc_fail        snr= 20.5dB raw_ber=0.1881 peak=0.70 running 0/3
  x0.5     r  4 hf7: crc_fail        snr= 20.0dB raw_ber=0.2363 peak=0.68 running 0/4
  x0.5     r  4 hf8: crc_fail        snr= 12.7dB raw_ber=0.1235 peak=0.62 running 3/4
  x0.5     r  5 hf8: crc_fail        snr= 12.6dB raw_ber=0.1244 peak=0.64 running 3/5
  x0.5     r  5 hf7: crc_fail        snr= 16.2dB raw_ber=0.2743 peak=0.64 running 0/5
  x0.5     r  6 hf7: crc_fail        snr= 13.6dB raw_ber=0.2563 peak=0.68 running 0/6
  x0.5     r  6 hf8: crc_fail        snr= 13.7dB raw_ber=0.1472 peak=0.63 running 3/6
  x0.5     r  7 hf8: crc_fail        snr= 12.3dB raw_ber=0.1407 peak=0.64 running 3/7
  x0.5     r  7 hf7: crc_fail        snr= 14.4dB raw_ber=0.2997 peak=0.68 running 0/7
  x0.5     r  8 hf7: crc_fail        snr= 15.1dB raw_ber=0.2615 peak=0.64 running 0/8
  x0.5     r  8 hf8: crc_fail        snr= 13.0dB raw_ber=0.1469 peak=0.65 running 3/8
  x0.5     r  9 hf8: crc_fail        snr= 10.2dB raw_ber=0.1886 peak=0.62 running 3/9
  x0.5     r  9 hf7: crc_fail        snr= 16.6dB raw_ber=0.2729 peak=0.66 running 0/9
  x0.5     r 10 hf7: crc_fail        snr= 14.1dB raw_ber=0.3294 peak=0.73 running 0/10
  x0.5     r 10 hf8: crc_fail        snr= 10.3dB raw_ber=0.1864 peak=0.67 running 3/10
  -> x0.5 hf8: 3/10
  -> x0.5 hf7: 0/10
== drive x0.35 (-9.1 dB) ==
  x0.35    r  1 hf8: crc_fail        snr=  9.5dB raw_ber=0.2904 peak=0.69 running 0/1
  x0.35    r  1 hf7: crc_fail        snr= 12.2dB raw_ber=0.3357 peak=0.69 running 0/1
  x0.35    r  2 hf7: crc_fail        snr=  8.1dB raw_ber=0.3296 peak=0.67 running 0/2
  x0.35    r  2 hf8: crc_fail        snr=  9.5dB raw_ber=0.2355 peak=0.61 running 0/2
  x0.35    r  3 hf8: crc_fail        snr=  9.7dB raw_ber=0.2160 peak=0.62 running 0/3
  x0.35    r  3 hf7: crc_fail        snr= 12.0dB raw_ber=0.3398 peak=0.63 running 0/3
  x0.35    r  4 hf7: crc_fail        snr= 12.3dB raw_ber=0.3381 peak=0.63 running 0/4
  x0.35    r  4 hf8: crc_fail        snr=  7.0dB raw_ber=0.2127 peak=0.65 running 0/4
  x0.35    r  5 hf8: crc_fail        snr=  8.7dB raw_ber=0.2164 peak=0.62 running 0/5
  x0.35    r  5 hf7: crc_fail        snr= 10.6dB raw_ber=0.3413 peak=0.62 running 0/5
  x0.35    r  6 hf7: crc_fail        snr= 11.5dB raw_ber=0.3446 peak=0.78 running 0/6
  x0.35    r  6 hf8: crc_fail        snr=  7.2dB raw_ber=0.2540 peak=0.65 running 0/6
  x0.35    r  7 hf8: crc_fail        snr= 10.7dB raw_ber=0.2389 peak=0.62 running 0/7
  x0.35    r  7 hf7: crc_fail        snr= 12.6dB raw_ber=0.4658 peak=0.64 running 0/7
  x0.35    r  8 hf7: crc_fail        snr= 12.2dB raw_ber=0.3416 peak=0.64 running 0/8
  x0.35    r  8 hf8: crc_fail        snr=  9.9dB raw_ber=0.2299 peak=0.64 running 0/8
  x0.35    r  9 hf8: crc_fail        snr=  9.2dB raw_ber=0.2682 peak=0.66 running 0/9
  x0.35    r  9 hf7: crc_fail        snr= 11.6dB raw_ber=0.4384 peak=0.67 running 0/9
  x0.35    r 10 hf7: crc_fail        snr=  9.5dB raw_ber=0.4163 peak=0.62 running 0/10
  x0.35    r 10 hf8: crc_fail        snr=  6.3dB raw_ber=0.4340 peak=0.68 running 0/10
  -> x0.35 hf8: 0/10
  -> x0.35 hf7: 0/10
== drive x0.25 (-12.0 dB) ==
  x0.25    r  1 hf8: crc_fail        snr=  7.2dB raw_ber=0.2981 peak=0.63 running 0/1
  x0.25    r  1 hf7: crc_fail        snr=  9.3dB raw_ber=0.3977 peak=0.68 running 0/1
  x0.25    r  2 hf7: crc_fail        snr= 11.0dB raw_ber=0.3883 peak=0.65 running 0/2
  x0.25    r  2 hf8: crc_fail        snr=  2.7dB raw_ber=0.3216 peak=0.59 running 0/2
  x0.25    r  3 hf8: crc_fail        snr=  3.7dB raw_ber=0.2951 peak=0.60 running 0/3
  x0.25    r  3 hf7: crc_fail        snr=  2.7dB raw_ber=0.4885 peak=0.65 running 0/3
  x0.25    r  4 hf7: crc_fail        snr=  9.8dB raw_ber=0.4844 peak=0.65 running 0/4
  x0.25    r  4 hf8: crc_fail        snr=  4.4dB raw_ber=0.3481 peak=0.64 running 0/4
  x0.25    r  5 hf8: crc_fail        snr=  6.9dB raw_ber=0.3238 peak=0.64 running 0/5
  x0.25    r  5 hf7: crc_fail        snr=  9.3dB raw_ber=0.4298 peak=0.62 running 0/5
  x0.25    r  6 hf7: crc_fail        snr= 10.7dB raw_ber=0.4843 peak=0.61 running 0/6
  x0.25    r  6 hf8: crc_fail        snr=  3.0dB raw_ber=0.3062 peak=0.59 running 0/6
  x0.25    r  7 hf8: crc_fail        snr=  4.2dB raw_ber=0.3031 peak=0.64 running 0/7
  x0.25    r  7 hf7: crc_fail        snr=  7.2dB raw_ber=0.4316 peak=0.66 running 0/7
  x0.25    r  8 hf7: crc_fail        snr=  7.7dB raw_ber=0.4030 peak=0.64 running 0/8
  x0.25    r  8 hf8: crc_fail        snr=  4.0dB raw_ber=0.3228 peak=0.63 running 0/8
  x0.25    r  9 hf8: crc_fail        snr= -1.3dB raw_ber=0.4836 peak=0.59 running 0/9
  x0.25    r  9 hf7: crc_fail        snr=  4.4dB raw_ber=0.4769 peak=0.69 running 0/9
  x0.25    r 10 hf7: crc_fail        snr=  6.1dB raw_ber=0.4494 peak=0.61 running 0/10
  x0.25    r 10 hf8: crc_fail        snr=  2.2dB raw_ber=0.3534 peak=0.62 running 0/10
  -> x0.25 hf8: 0/10
  -> x0.25 hf7: 0/10
== drive x0.125 (-18.1 dB) ==
  x0.125   r  1 hf8: crc_fail        snr= -2.6dB raw_ber=0.5096 peak=0.63 running 0/1
  x0.125   r  1 hf7: no_sync         snr=n/a raw_ber=n/a peak=0.64 running 0/1
  x0.125   r  2 hf7: no_sync         snr=n/a raw_ber=n/a peak=0.60 running 0/2
  x0.125   r  2 hf8: crc_fail        snr=  2.0dB raw_ber=0.4840 peak=0.60 running 0/2
  x0.125   r  3 hf8: crc_fail        snr=  0.2dB raw_ber=0.4898 peak=0.64 running 0/3
  x0.125   r  3 hf7: no_sync         snr=n/a raw_ber=n/a peak=0.62 running 0/3
  x0.125   r  4 hf7: crc_fail        snr=  6.1dB raw_ber=0.4904 peak=0.66 running 0/4
  x0.125   r  4 hf8: crc_fail        snr=  1.8dB raw_ber=0.5201 peak=0.62 running 0/4
  x0.125   r  5 hf8: crc_fail        snr= -2.4dB raw_ber=0.4988 peak=0.62 running 0/5
  x0.125   r  5 hf7: crc_fail        snr=  1.8dB raw_ber=0.4880 peak=0.66 running 0/5
  x0.125   r  6 hf7: crc_fail        snr=  1.0dB raw_ber=0.4978 peak=0.62 running 0/6
  x0.125   r  6 hf8: crc_fail        snr= -0.6dB raw_ber=0.5046 peak=0.59 running 0/6
  x0.125   r  7 hf8: crc_fail        snr=  2.2dB raw_ber=0.4790 peak=0.64 running 0/7
  x0.125   r  7 hf7: no_sync         snr=n/a raw_ber=n/a peak=0.65 running 0/7
  x0.125   r  8 hf7: no_sync         snr=n/a raw_ber=n/a peak=0.64 running 0/8
  x0.125   r  8 hf8: crc_fail        snr=  1.6dB raw_ber=0.5025 peak=0.60 running 0/8
  x0.125   r  9 hf8: crc_fail        snr= -2.9dB raw_ber=0.5003 peak=0.61 running 0/9
  x0.125   r  9 hf7: no_sync         snr=n/a raw_ber=n/a peak=0.66 running 0/9
  x0.125   r 10 hf7: crc_fail        snr=  1.5dB raw_ber=0.4791 peak=0.64 running 0/10
  x0.125   r 10 hf8: crc_fail        snr= -3.5dB raw_ber=0.5000 peak=0.61 running 0/10
  -> x0.125 hf8: 0/10
  -> x0.125 hf7: 0/10

== SUMMARY: delivery by drive level ==
   level      dB            hf8            hf7
       1    +0.0    10/10   100%     0/10     0%
     0.7    -3.1    10/10   100%     0/10     0%
     0.5    -6.0     3/10    30%     0/10     0%
    0.35    -9.1     0/10     0%     0/10     0%
    0.25   -12.0     0/10     0%     0/10     0%
   0.125   -18.1     0/10     0%     0/10     0%

== breakpoint (lowest drive with >=90% delivery, 'x' = not reached) ==
  hf8: x0.7 (-3.1 dB)
  hf7: x

wrote C:\Users\ptsm\Projects\whalemodem\logs\mode_qualification\hf-ssb\hf19\20260907T195827Z-ba-drive-sweep\result.json
