42 points x 40 trials = 1680 trials on 11 workers
  [1/42]     bps3_cp24_fec23_pi10_pb270                   awgn   12.0 dB   39/40  ( 97.5%) [0.87,1.00] 10.9s
  [2/42]     bps3_cp24_fec23_pi10_pb270                   awgn   14.0 dB   40/40  (100.0%) [0.91,1.00] 9.0s
  [3/42]     bps3_cp24_fec23_pi10_pb270                   awgn   16.0 dB   40/40  (100.0%) [0.91,1.00] 8.2s
  [4/42]     bps3_cp24_fec23_pi10_pb270                   awgn   18.0 dB   40/40  (100.0%) [0.91,1.00] 7.7s
  [5/42]     bps3_cp24_fec23_pi10_pb270                   awgn   20.0 dB   40/40  (100.0%) [0.91,1.00] 7.7s
  [6/42]     bps3_cp24_fec23_pi10_pb270                   awgn   22.0 dB   40/40  (100.0%) [0.91,1.00] 7.6s
  [7/42]     bps3_cp24_fec23_pi10_pb270                   awgn   24.0 dB   40/40  (100.0%) [0.91,1.00] 7.7s
  [8/42]     bps3_cp24_fec23_pi10_pb270     mid_latitude_quiet   12.0 dB   26/40  ( 65.0%) [0.50,0.78] 20.2s
  [9/42]     bps3_cp24_fec23_pi10_pb270     mid_latitude_quiet   14.0 dB   34/40  ( 85.0%) [0.71,0.93] 15.6s
  [10/42]     bps3_cp24_fec23_pi10_pb270     mid_latitude_quiet   16.0 dB   37/40  ( 92.5%) [0.80,0.97] 11.7s
  [11/42]     bps3_cp24_fec23_pi10_pb270     mid_latitude_quiet   18.0 dB   37/40  ( 92.5%) [0.80,0.97] 13.0s
  [12/42]     bps3_cp24_fec23_pi10_pb270     mid_latitude_quiet   20.0 dB   40/40  (100.0%) [0.91,1.00] 9.4s
  [13/42]     bps3_cp24_fec23_pi10_pb270     mid_latitude_quiet   22.0 dB   39/40  ( 97.5%) [0.87,1.00] 9.1s
  [14/42]     bps3_cp24_fec23_pi10_pb270     mid_latitude_quiet   24.0 dB   38/40  ( 95.0%) [0.83,0.99] 9.5s
  [15/42]     bps3_cp24_fec23_pi10_pb270  mid_latitude_moderate   12.0 dB    9/40  ( 22.5%) [0.12,0.38] 28.6s
  [16/42]     bps3_cp24_fec23_pi10_pb270  mid_latitude_moderate   14.0 dB   15/40  ( 37.5%) [0.24,0.53] 25.3s
  [17/42]     bps3_cp24_fec23_pi10_pb270  mid_latitude_moderate   16.0 dB   22/40  ( 55.0%) [0.40,0.69] 21.0s
  [18/42]     bps3_cp24_fec23_pi10_pb270  mid_latitude_moderate   18.0 dB   25/40  ( 62.5%) [0.47,0.76] 18.4s
  [19/42]     bps3_cp24_fec23_pi10_pb270  mid_latitude_moderate   20.0 dB   28/40  ( 70.0%) [0.55,0.82] 16.6s
  [20/42]     bps3_cp24_fec23_pi10_pb270  mid_latitude_moderate   22.0 dB   31/40  ( 77.5%) [0.62,0.88] 14.9s
  [21/42]     bps3_cp24_fec23_pi10_pb270  mid_latitude_moderate   24.0 dB   27/40  ( 67.5%) [0.52,0.80] 17.2s
  [22/42]     bps3_cp24_fec23_pi10_pb540                   awgn   12.0 dB   40/40  (100.0%) [0.91,1.00] 18.3s
  [23/42]     bps3_cp24_fec23_pi10_pb540                   awgn   14.0 dB   40/40  (100.0%) [0.91,1.00] 16.8s
  [24/42]     bps3_cp24_fec23_pi10_pb540                   awgn   16.0 dB   40/40  (100.0%) [0.91,1.00] 15.2s
  [25/42]     bps3_cp24_fec23_pi10_pb540                   awgn   18.0 dB   40/40  (100.0%) [0.91,1.00] 15.0s
  [26/42]     bps3_cp24_fec23_pi10_pb540                   awgn   20.0 dB   40/40  (100.0%) [0.91,1.00] 15.7s
  [27/42]     bps3_cp24_fec23_pi10_pb540                   awgn   22.0 dB   40/40  (100.0%) [0.91,1.00] 15.6s
  [28/42]     bps3_cp24_fec23_pi10_pb540                   awgn   24.0 dB   40/40  (100.0%) [0.91,1.00] 15.6s
  [29/42]     bps3_cp24_fec23_pi10_pb540     mid_latitude_quiet   12.0 dB   12/40  ( 30.0%) [0.18,0.45] 35.0s
  [30/42]     bps3_cp24_fec23_pi10_pb540     mid_latitude_quiet   14.0 dB   29/40  ( 72.5%) [0.57,0.84] 27.1s
  [31/42]     bps3_cp24_fec23_pi10_pb540     mid_latitude_quiet   16.0 dB   25/40  ( 62.5%) [0.47,0.76] 27.2s
  [32/42]     bps3_cp24_fec23_pi10_pb540     mid_latitude_quiet   18.0 dB   34/40  ( 85.0%) [0.71,0.93] 23.9s
  [33/42]     bps3_cp24_fec23_pi10_pb540     mid_latitude_quiet   20.0 dB   37/40  ( 92.5%) [0.80,0.97] 20.6s
  [34/42]     bps3_cp24_fec23_pi10_pb540     mid_latitude_quiet   22.0 dB   38/40  ( 95.0%) [0.83,0.99] 19.4s
  [35/42]     bps3_cp24_fec23_pi10_pb540     mid_latitude_quiet   24.0 dB   39/40  ( 97.5%) [0.87,1.00] 17.9s
  [36/42]     bps3_cp24_fec23_pi10_pb540  mid_latitude_moderate   12.0 dB    1/40  (  2.5%) [0.00,0.13] 36.6s
  [37/42]     bps3_cp24_fec23_pi10_pb540  mid_latitude_moderate   14.0 dB   10/40  ( 25.0%) [0.14,0.40] 30.6s
  [38/42]     bps3_cp24_fec23_pi10_pb540  mid_latitude_moderate   16.0 dB   10/40  ( 25.0%) [0.14,0.40] 28.5s
  [39/42]     bps3_cp24_fec23_pi10_pb540  mid_latitude_moderate   18.0 dB   14/40  ( 35.0%) [0.22,0.50] 27.9s
  [40/42]     bps3_cp24_fec23_pi10_pb540  mid_latitude_moderate   20.0 dB   24/40  ( 60.0%) [0.45,0.74] 21.9s
  [41/42]     bps3_cp24_fec23_pi10_pb540  mid_latitude_moderate   22.0 dB   15/40  ( 37.5%) [0.24,0.53] 23.5s
  [42/42]     bps3_cp24_fec23_pi10_pb540  mid_latitude_moderate   24.0 dB   18/40  ( 45.0%) [0.31,0.60] 22.1s
wrote experiments/hf19_ofdm49_8psk/frame_size.json

== boundary summary (lowest SNR with success rate >= 90%, 'x' = not reached on this grid) ==
                        config  net bps  frame s           awgn mid_latitude_q mid_latitude_m
    bps3_cp24_fec23_pi10_pb270   3428.6    0.616             12             16              x
    bps3_cp24_fec23_pi10_pb540   3734.3    1.144             12             20              x

== boundary summary (lowest SNR with success rate >= 50%, 'x' = not reached on this grid) ==
                        config  net bps  frame s           awgn mid_latitude_q mid_latitude_m
    bps3_cp24_fec23_pi10_pb270   3428.6    0.616             12             12             16
    bps3_cp24_fec23_pi10_pb540   3734.3    1.144             12             14              x

== success rate at the highest tested SNR (24 dB) ==
                        config  net bps  frame s           awgn mid_latitude_q mid_latitude_m
    bps3_cp24_fec23_pi10_pb270   3428.6    0.616           100%            95%            68%
    bps3_cp24_fec23_pi10_pb540   3734.3    1.144           100%            98%            45%
