448 points x 10 trials = 4480 trials on 11 workers
  [1/448]    bps5_cp24_fec34_pi20_pb1000                   awgn    9.0 dB    0/10  (  0.0%) [0.00,0.28] 8.3s
  [2/448]    bps5_cp24_fec34_pi20_pb1000                   awgn   14.0 dB    0/10  (  0.0%) [0.00,0.28] 8.3s
  [3/448]    bps5_cp24_fec34_pi20_pb1000                   awgn   19.0 dB   10/10  (100.0%) [0.72,1.00] 2.7s
  [4/448]    bps5_cp24_fec34_pi20_pb1000                   awgn   24.0 dB   10/10  (100.0%) [0.72,1.00] 2.0s
  [5/448]    bps5_cp24_fec34_pi20_pb1000     mid_latitude_quiet    9.0 dB    0/10  (  0.0%) [0.00,0.28] 11.0s
  [6/448]    bps5_cp24_fec34_pi20_pb1000     mid_latitude_quiet   14.0 dB    0/10  (  0.0%) [0.00,0.28] 10.8s
  [7/448]    bps5_cp24_fec34_pi20_pb1000     mid_latitude_quiet   19.0 dB    4/10  ( 40.0%) [0.17,0.69] 8.7s
  [8/448]    bps5_cp24_fec34_pi20_pb1000     mid_latitude_quiet   24.0 dB    8/10  ( 80.0%) [0.49,0.94] 6.8s
  [9/448]    bps5_cp24_fec34_pi20_pb1000  mid_latitude_moderate    9.0 dB    0/10  (  0.0%) [0.00,0.28] 11.0s
  [10/448]    bps5_cp24_fec34_pi20_pb1000  mid_latitude_moderate   14.0 dB    0/10  (  0.0%) [0.00,0.28] 11.0s
  [11/448]    bps5_cp24_fec34_pi20_pb1000  mid_latitude_moderate   19.0 dB    0/10  (  0.0%) [0.00,0.28] 10.9s
  [12/448]    bps5_cp24_fec34_pi20_pb1000  mid_latitude_moderate   24.0 dB    1/10  ( 10.0%) [0.02,0.40] 9.3s
  [13/448]    bps5_cp24_fec34_pi20_pb1000 mid_latitude_disturbed    9.0 dB    0/10  (  0.0%) [0.00,0.28] 9.6s
  [14/448]    bps5_cp24_fec34_pi20_pb1000 mid_latitude_disturbed   14.0 dB    0/10  (  0.0%) [0.00,0.28] 11.5s
  [15/448]    bps5_cp24_fec34_pi20_pb1000 mid_latitude_disturbed   19.0 dB    0/10  (  0.0%) [0.00,0.28] 12.1s
  [16/448]    bps5_cp24_fec34_pi20_pb1000 mid_latitude_disturbed   24.0 dB    0/10  (  0.0%) [0.00,0.28] 10.5s
  [17/448]    bps3_cp24_fec34_pi20_pb1000                   awgn    9.0 dB    0/10  (  0.0%) [0.00,0.28] 16.0s
  [18/448]    bps3_cp24_fec34_pi20_pb1000                   awgn   14.0 dB   10/10  (100.0%) [0.72,1.00] 9.1s
  [19/448]    bps3_cp24_fec34_pi20_pb1000                   awgn   19.0 dB   10/10  (100.0%) [0.72,1.00] 8.5s
  [20/448]    bps3_cp24_fec34_pi20_pb1000                   awgn   24.0 dB   10/10  (100.0%) [0.72,1.00] 8.9s
  [21/448]    bps3_cp24_fec34_pi20_pb1000     mid_latitude_quiet    9.0 dB    0/10  (  0.0%) [0.00,0.28] 16.8s
  [22/448]    bps3_cp24_fec34_pi20_pb1000     mid_latitude_quiet   14.0 dB    2/10  ( 20.0%) [0.06,0.51] 16.2s
  [23/448]    bps3_cp24_fec34_pi20_pb1000     mid_latitude_quiet   19.0 dB    5/10  ( 50.0%) [0.24,0.76] 14.0s
  [24/448]    bps3_cp24_fec34_pi20_pb1000     mid_latitude_quiet   24.0 dB    7/10  ( 70.0%) [0.40,0.89] 12.3s
  [25/448]    bps3_cp24_fec34_pi20_pb1000  mid_latitude_moderate    9.0 dB    0/10  (  0.0%) [0.00,0.28] 16.8s
  [26/448]    bps3_cp24_fec34_pi20_pb1000  mid_latitude_moderate   14.0 dB    0/10  (  0.0%) [0.00,0.28] 17.0s
  [27/448]    bps3_cp24_fec34_pi20_pb1000  mid_latitude_moderate   19.0 dB    1/10  ( 10.0%) [0.02,0.40] 17.1s
  [28/448]    bps3_cp24_fec34_pi20_pb1000  mid_latitude_moderate   24.0 dB    0/10  (  0.0%) [0.00,0.28] 18.2s
  [29/448]    bps3_cp24_fec34_pi20_pb1000 mid_latitude_disturbed    9.0 dB    0/10  (  0.0%) [0.00,0.28] 17.8s
  [30/448]    bps3_cp24_fec34_pi20_pb1000 mid_latitude_disturbed   14.0 dB    0/10  (  0.0%) [0.00,0.28] 16.1s
  [31/448]    bps3_cp24_fec34_pi20_pb1000 mid_latitude_disturbed   19.0 dB    0/10  (  0.0%) [0.00,0.28] 17.9s
  [32/448]    bps3_cp24_fec34_pi20_pb1000 mid_latitude_disturbed   24.0 dB    0/10  (  0.0%) [0.00,0.28] 17.0s
  [33/448]    bps3_cp24_fec34_pi10_pb1000                   awgn    9.0 dB    0/10  (  0.0%) [0.00,0.28] 17.8s
  [34/448]    bps3_cp24_fec34_pi10_pb1000                   awgn   14.0 dB   10/10  (100.0%) [0.72,1.00] 10.9s
  [35/448]    bps3_cp24_fec34_pi10_pb1000                   awgn   19.0 dB   10/10  (100.0%) [0.72,1.00] 11.1s
  [36/448]    bps3_cp24_fec34_pi10_pb1000                   awgn   24.0 dB   10/10  (100.0%) [0.72,1.00] 10.8s
  [37/448]    bps3_cp24_fec34_pi10_pb1000     mid_latitude_quiet    9.0 dB    0/10  (  0.0%) [0.00,0.28] 18.9s
  [38/448]    bps3_cp24_fec34_pi10_pb1000     mid_latitude_quiet   14.0 dB    3/10  ( 30.0%) [0.11,0.60] 17.1s
  [39/448]    bps3_cp24_fec34_pi10_pb1000     mid_latitude_quiet   19.0 dB    6/10  ( 60.0%) [0.31,0.83] 14.0s
  [40/448]    bps3_cp24_fec34_pi10_pb1000     mid_latitude_quiet   24.0 dB    8/10  ( 80.0%) [0.49,0.94] 12.4s
  [41/448]    bps3_cp24_fec34_pi10_pb1000  mid_latitude_moderate    9.0 dB    0/10  (  0.0%) [0.00,0.28] 18.5s
  [42/448]    bps3_cp24_fec34_pi10_pb1000  mid_latitude_moderate   14.0 dB    0/10  (  0.0%) [0.00,0.28] 19.5s
  [43/448]    bps3_cp24_fec34_pi10_pb1000  mid_latitude_moderate   19.0 dB    1/10  ( 10.0%) [0.02,0.40] 17.2s
  [44/448]    bps3_cp24_fec34_pi10_pb1000  mid_latitude_moderate   24.0 dB    3/10  ( 30.0%) [0.11,0.60] 13.9s
  [45/448]    bps3_cp24_fec34_pi10_pb1000 mid_latitude_disturbed    9.0 dB    0/10  (  0.0%) [0.00,0.28] 11.8s
  [46/448]    bps3_cp24_fec34_pi10_pb1000 mid_latitude_disturbed   14.0 dB    0/10  (  0.0%) [0.00,0.28] 12.2s
  [47/448]    bps3_cp24_fec34_pi10_pb1000 mid_latitude_disturbed   19.0 dB    1/10  ( 10.0%) [0.02,0.40] 12.2s
  [48/448]    bps3_cp24_fec34_pi10_pb1000 mid_latitude_disturbed   24.0 dB    1/10  ( 10.0%) [0.02,0.40] 11.5s
  [49/448]     bps3_cp24_fec34_pi6_pb1000                   awgn    9.0 dB    0/10  (  0.0%) [0.00,0.28] 18.3s
  [50/448]     bps3_cp24_fec34_pi6_pb1000                   awgn   14.0 dB   10/10  (100.0%) [0.72,1.00] 11.2s
  [51/448]     bps3_cp24_fec34_pi6_pb1000                   awgn   19.0 dB   10/10  (100.0%) [0.72,1.00] 10.0s
  [52/448]     bps3_cp24_fec34_pi6_pb1000                   awgn   24.0 dB   10/10  (100.0%) [0.72,1.00] 10.8s
  [53/448]     bps3_cp24_fec34_pi6_pb1000     mid_latitude_quiet    9.0 dB    0/10  (  0.0%) [0.00,0.28] 12.9s
  [54/448]     bps3_cp24_fec34_pi6_pb1000     mid_latitude_quiet   14.0 dB    5/10  ( 50.0%) [0.24,0.76] 11.0s
  [55/448]     bps3_cp24_fec34_pi6_pb1000     mid_latitude_quiet   19.0 dB    8/10  ( 80.0%) [0.49,0.94] 7.5s
  [56/448]     bps3_cp24_fec34_pi6_pb1000     mid_latitude_quiet   24.0 dB    6/10  ( 60.0%) [0.31,0.83] 9.5s
  [57/448]     bps3_cp24_fec34_pi6_pb1000  mid_latitude_moderate    9.0 dB    0/10  (  0.0%) [0.00,0.28] 19.0s
  [58/448]     bps3_cp24_fec34_pi6_pb1000  mid_latitude_moderate   14.0 dB    0/10  (  0.0%) [0.00,0.28] 20.6s
  [59/448]     bps3_cp24_fec34_pi6_pb1000  mid_latitude_moderate   19.0 dB    2/10  ( 20.0%) [0.06,0.51] 18.1s
  [60/448]     bps3_cp24_fec34_pi6_pb1000  mid_latitude_moderate   24.0 dB    3/10  ( 30.0%) [0.11,0.60] 18.3s
  [61/448]     bps3_cp24_fec34_pi6_pb1000 mid_latitude_disturbed    9.0 dB    0/10  (  0.0%) [0.00,0.28] 20.9s
  [62/448]     bps3_cp24_fec34_pi6_pb1000 mid_latitude_disturbed   14.0 dB    0/10  (  0.0%) [0.00,0.28] 19.0s
  [63/448]     bps3_cp24_fec34_pi6_pb1000 mid_latitude_disturbed   19.0 dB    0/10  (  0.0%) [0.00,0.28] 21.9s
  [64/448]     bps3_cp24_fec34_pi6_pb1000 mid_latitude_disturbed   24.0 dB    0/10  (  0.0%) [0.00,0.28] 23.1s
  [65/448]    bps3_cp24_fec23_pi20_pb1000                   awgn    9.0 dB    0/10  (  0.0%) [0.00,0.28] 25.7s
  [66/448]    bps3_cp24_fec23_pi20_pb1000                   awgn   14.0 dB   10/10  (100.0%) [0.72,1.00] 14.5s
  [67/448]    bps3_cp24_fec23_pi20_pb1000                   awgn   19.0 dB   10/10  (100.0%) [0.72,1.00] 12.4s
  [68/448]    bps3_cp24_fec23_pi20_pb1000                   awgn   24.0 dB   10/10  (100.0%) [0.72,1.00] 12.4s
  [69/448]    bps3_cp24_fec23_pi20_pb1000     mid_latitude_quiet    9.0 dB    0/10  (  0.0%) [0.00,0.28] 25.4s
  [70/448]    bps3_cp24_fec23_pi20_pb1000     mid_latitude_quiet   14.0 dB    4/10  ( 40.0%) [0.17,0.69] 18.9s
  [71/448]    bps3_cp24_fec23_pi20_pb1000     mid_latitude_quiet   19.0 dB    8/10  ( 80.0%) [0.49,0.94] 14.0s
  [72/448]    bps3_cp24_fec23_pi20_pb1000     mid_latitude_quiet   24.0 dB   10/10  (100.0%) [0.72,1.00] 14.3s
  [73/448]    bps3_cp24_fec23_pi20_pb1000  mid_latitude_moderate    9.0 dB    0/10  (  0.0%) [0.00,0.28] 18.0s
  [74/448]    bps3_cp24_fec23_pi20_pb1000  mid_latitude_moderate   14.0 dB    1/10  ( 10.0%) [0.02,0.40] 15.1s
  [75/448]    bps3_cp24_fec23_pi20_pb1000  mid_latitude_moderate   19.0 dB    2/10  ( 20.0%) [0.06,0.51] 15.6s
  [76/448]    bps3_cp24_fec23_pi20_pb1000  mid_latitude_moderate   24.0 dB    2/10  ( 20.0%) [0.06,0.51] 12.8s
  [77/448]    bps3_cp24_fec23_pi20_pb1000 mid_latitude_disturbed    9.0 dB    0/10  (  0.0%) [0.00,0.28] 23.5s
  [78/448]    bps3_cp24_fec23_pi20_pb1000 mid_latitude_disturbed   14.0 dB    0/10  (  0.0%) [0.00,0.28] 21.3s
  [79/448]    bps3_cp24_fec23_pi20_pb1000 mid_latitude_disturbed   19.0 dB    0/10  (  0.0%) [0.00,0.28] 25.9s
  [80/448]    bps3_cp24_fec23_pi20_pb1000 mid_latitude_disturbed   24.0 dB    1/10  ( 10.0%) [0.02,0.40] 22.6s
  [81/448]    bps3_cp24_fec23_pi10_pb1000                   awgn    9.0 dB    0/10  (  0.0%) [0.00,0.28] 25.1s
  [82/448]    bps3_cp24_fec23_pi10_pb1000                   awgn   14.0 dB   10/10  (100.0%) [0.72,1.00] 18.3s
  [83/448]    bps3_cp24_fec23_pi10_pb1000                   awgn   19.0 dB   10/10  (100.0%) [0.72,1.00] 13.7s
  [84/448]    bps3_cp24_fec23_pi10_pb1000                   awgn   24.0 dB   10/10  (100.0%) [0.72,1.00] 16.4s
  [85/448]    bps3_cp24_fec23_pi10_pb1000     mid_latitude_quiet    9.0 dB    0/10  (  0.0%) [0.00,0.28] 28.0s
  [86/448]    bps3_cp24_fec23_pi10_pb1000     mid_latitude_quiet   14.0 dB    5/10  ( 50.0%) [0.24,0.76] 23.4s
  [87/448]    bps3_cp24_fec23_pi10_pb1000     mid_latitude_quiet   19.0 dB    9/10  ( 90.0%) [0.60,0.98] 18.7s
  [88/448]    bps3_cp24_fec23_pi10_pb1000     mid_latitude_quiet   24.0 dB    9/10  ( 90.0%) [0.60,0.98] 16.5s
  [89/448]    bps3_cp24_fec23_pi10_pb1000  mid_latitude_moderate    9.0 dB    0/10  (  0.0%) [0.00,0.28] 17.1s
  [90/448]    bps3_cp24_fec23_pi10_pb1000  mid_latitude_moderate   14.0 dB    0/10  (  0.0%) [0.00,0.28] 18.5s
  [91/448]    bps3_cp24_fec23_pi10_pb1000  mid_latitude_moderate   19.0 dB    3/10  ( 30.0%) [0.11,0.60] 12.0s
  [92/448]    bps3_cp24_fec23_pi10_pb1000  mid_latitude_moderate   24.0 dB    5/10  ( 50.0%) [0.24,0.76] 17.5s
  [93/448]    bps3_cp24_fec23_pi10_pb1000 mid_latitude_disturbed    9.0 dB    0/10  (  0.0%) [0.00,0.28] 26.8s
  [94/448]    bps3_cp24_fec23_pi10_pb1000 mid_latitude_disturbed   14.0 dB    0/10  (  0.0%) [0.00,0.28] 26.2s
  [95/448]    bps3_cp24_fec23_pi10_pb1000 mid_latitude_disturbed   19.0 dB    0/10  (  0.0%) [0.00,0.28] 30.0s
  [96/448]    bps3_cp24_fec23_pi10_pb1000 mid_latitude_disturbed   24.0 dB    3/10  ( 30.0%) [0.11,0.60] 28.4s
  [97/448]     bps3_cp24_fec23_pi6_pb1000                   awgn    9.0 dB    0/10  (  0.0%) [0.00,0.28] 32.6s
  [98/448]     bps3_cp24_fec23_pi6_pb1000                   awgn   14.0 dB    9/10  ( 90.0%) [0.60,0.98] 17.5s
  [99/448]     bps3_cp24_fec23_pi6_pb1000                   awgn   19.0 dB   10/10  (100.0%) [0.72,1.00] 19.7s
  [100/448]     bps3_cp24_fec23_pi6_pb1000                   awgn   24.0 dB   10/10  (100.0%) [0.72,1.00] 21.8s
  [101/448]     bps3_cp24_fec23_pi6_pb1000     mid_latitude_quiet    9.0 dB    0/10  (  0.0%) [0.00,0.28] 29.8s
  [102/448]     bps3_cp24_fec23_pi6_pb1000     mid_latitude_quiet   14.0 dB    5/10  ( 50.0%) [0.24,0.76] 26.7s
  [103/448]     bps3_cp24_fec23_pi6_pb1000     mid_latitude_quiet   19.0 dB    6/10  ( 60.0%) [0.31,0.83] 28.2s
  [104/448]     bps3_cp24_fec23_pi6_pb1000     mid_latitude_quiet   24.0 dB   10/10  (100.0%) [0.72,1.00] 23.7s
  [105/448]     bps3_cp24_fec23_pi6_pb1000  mid_latitude_moderate    9.0 dB    0/10  (  0.0%) [0.00,0.28] 26.5s
  [106/448]     bps3_cp24_fec23_pi6_pb1000  mid_latitude_moderate   14.0 dB    0/10  (  0.0%) [0.00,0.28] 32.8s
  [107/448]     bps3_cp24_fec23_pi6_pb1000  mid_latitude_moderate   19.0 dB    0/10  (  0.0%) [0.00,0.28] 23.5s
  [108/448]     bps3_cp24_fec23_pi6_pb1000  mid_latitude_moderate   24.0 dB    2/10  ( 20.0%) [0.06,0.51] 26.4s
  [109/448]     bps3_cp24_fec23_pi6_pb1000 mid_latitude_disturbed    9.0 dB    0/10  (  0.0%) [0.00,0.28] 22.2s
  [110/448]     bps3_cp24_fec23_pi6_pb1000 mid_latitude_disturbed   14.0 dB    0/10  (  0.0%) [0.00,0.28] 33.3s
  [111/448]     bps3_cp24_fec23_pi6_pb1000 mid_latitude_disturbed   19.0 dB    0/10  (  0.0%) [0.00,0.28] 24.8s
  [112/448]     bps3_cp24_fec23_pi6_pb1000 mid_latitude_disturbed   24.0 dB    0/10  (  0.0%) [0.00,0.28] 25.7s
  [113/448]    bps3_cp24_fec12_pi20_pb1000                   awgn    9.0 dB    6/10  ( 60.0%) [0.31,0.83] 24.5s
  [114/448]    bps3_cp24_fec12_pi20_pb1000                   awgn   14.0 dB   10/10  (100.0%) [0.72,1.00] 17.4s
  [115/448]    bps3_cp24_fec12_pi20_pb1000                   awgn   19.0 dB   10/10  (100.0%) [0.72,1.00] 21.5s
  [116/448]    bps3_cp24_fec12_pi20_pb1000                   awgn   24.0 dB   10/10  (100.0%) [0.72,1.00] 18.5s
  [117/448]    bps3_cp24_fec12_pi20_pb1000     mid_latitude_quiet    9.0 dB    0/10  (  0.0%) [0.00,0.28] 32.8s
  [118/448]    bps3_cp24_fec12_pi20_pb1000     mid_latitude_quiet   14.0 dB    6/10  ( 60.0%) [0.31,0.83] 26.5s
  [119/448]    bps3_cp24_fec12_pi20_pb1000     mid_latitude_quiet   19.0 dB    8/10  ( 80.0%) [0.49,0.94] 22.4s
  [120/448]    bps3_cp24_fec12_pi20_pb1000     mid_latitude_quiet   24.0 dB    9/10  ( 90.0%) [0.60,0.98] 21.1s
  [121/448]    bps3_cp24_fec12_pi20_pb1000  mid_latitude_moderate    9.0 dB    0/10  (  0.0%) [0.00,0.28] 26.8s
  [122/448]    bps3_cp24_fec12_pi20_pb1000  mid_latitude_moderate   14.0 dB    0/10  (  0.0%) [0.00,0.28] 30.3s
  [123/448]    bps3_cp24_fec12_pi20_pb1000  mid_latitude_moderate   19.0 dB    1/10  ( 10.0%) [0.02,0.40] 32.9s
  [124/448]    bps3_cp24_fec12_pi20_pb1000  mid_latitude_moderate   24.0 dB    2/10  ( 20.0%) [0.06,0.51] 28.4s
  [125/448]    bps3_cp24_fec12_pi20_pb1000 mid_latitude_disturbed    9.0 dB    0/10  (  0.0%) [0.00,0.28] 23.1s
  [126/448]    bps3_cp24_fec12_pi20_pb1000 mid_latitude_disturbed   14.0 dB    0/10  (  0.0%) [0.00,0.28] 20.1s
  [127/448]    bps3_cp24_fec12_pi20_pb1000 mid_latitude_disturbed   19.0 dB    0/10  (  0.0%) [0.00,0.28] 22.6s
  [128/448]    bps3_cp24_fec12_pi20_pb1000 mid_latitude_disturbed   24.0 dB    0/10  (  0.0%) [0.00,0.28] 21.2s
  [129/448]    bps3_cp24_fec12_pi10_pb1000                   awgn    9.0 dB    5/10  ( 50.0%) [0.24,0.76] 36.6s
  [130/448]    bps3_cp24_fec12_pi10_pb1000                   awgn   14.0 dB   10/10  (100.0%) [0.72,1.00] 18.4s
  [131/448]    bps3_cp24_fec12_pi10_pb1000                   awgn   19.0 dB   10/10  (100.0%) [0.72,1.00] 26.2s
  [132/448]    bps3_cp24_fec12_pi10_pb1000                   awgn   24.0 dB   10/10  (100.0%) [0.72,1.00] 20.9s
  [133/448]    bps3_cp24_fec12_pi10_pb1000     mid_latitude_quiet    9.0 dB    0/10  (  0.0%) [0.00,0.28] 41.8s
  [134/448]    bps3_cp24_fec12_pi10_pb1000     mid_latitude_quiet   14.0 dB    6/10  ( 60.0%) [0.31,0.83] 32.9s
  [135/448]    bps3_cp24_fec12_pi10_pb1000     mid_latitude_quiet   19.0 dB    8/10  ( 80.0%) [0.49,0.94] 27.1s
  [136/448]    bps3_cp24_fec12_pi10_pb1000     mid_latitude_quiet   24.0 dB   10/10  (100.0%) [0.72,1.00] 25.4s
  [137/448]    bps3_cp24_fec12_pi10_pb1000  mid_latitude_moderate    9.0 dB    0/10  (  0.0%) [0.00,0.28] 38.6s
  [138/448]    bps3_cp24_fec12_pi10_pb1000  mid_latitude_moderate   14.0 dB    1/10  ( 10.0%) [0.02,0.40] 39.8s
  [139/448]    bps3_cp24_fec12_pi10_pb1000  mid_latitude_moderate   19.0 dB    1/10  ( 10.0%) [0.02,0.40] 32.3s
  [140/448]    bps3_cp24_fec12_pi10_pb1000  mid_latitude_moderate   24.0 dB    4/10  ( 40.0%) [0.17,0.69] 28.9s
  [141/448]    bps3_cp24_fec12_pi10_pb1000 mid_latitude_disturbed    9.0 dB    0/10  (  0.0%) [0.00,0.28] 38.1s
  [142/448]    bps3_cp24_fec12_pi10_pb1000 mid_latitude_disturbed   14.0 dB    0/10  (  0.0%) [0.00,0.28] 43.1s
  [143/448]    bps3_cp24_fec12_pi10_pb1000 mid_latitude_disturbed   19.0 dB    0/10  (  0.0%) [0.00,0.28] 42.8s
  [144/448]    bps3_cp24_fec12_pi10_pb1000 mid_latitude_disturbed   24.0 dB    0/10  (  0.0%) [0.00,0.28] 40.7s
  [145/448]     bps3_cp24_fec12_pi6_pb1000                   awgn    9.0 dB    4/10  ( 40.0%) [0.17,0.69] 36.8s
  [146/448]     bps3_cp24_fec12_pi6_pb1000                   awgn   14.0 dB   10/10  (100.0%) [0.72,1.00] 26.9s
  [147/448]     bps3_cp24_fec12_pi6_pb1000                   awgn   19.0 dB   10/10  (100.0%) [0.72,1.00] 23.6s
  [148/448]     bps3_cp24_fec12_pi6_pb1000                   awgn   24.0 dB   10/10  (100.0%) [0.72,1.00] 23.2s
  [149/448]     bps3_cp24_fec12_pi6_pb1000     mid_latitude_quiet    9.0 dB    0/10  (  0.0%) [0.00,0.28] 41.9s
  [150/448]     bps3_cp24_fec12_pi6_pb1000     mid_latitude_quiet   14.0 dB    4/10  ( 40.0%) [0.17,0.69] 43.6s
  [151/448]     bps3_cp24_fec12_pi6_pb1000     mid_latitude_quiet   19.0 dB    8/10  ( 80.0%) [0.49,0.94] 31.2s
  [152/448]     bps3_cp24_fec12_pi6_pb1000     mid_latitude_quiet   24.0 dB    9/10  ( 90.0%) [0.60,0.98] 29.5s
  [153/448]     bps3_cp24_fec12_pi6_pb1000  mid_latitude_moderate    9.0 dB    0/10  (  0.0%) [0.00,0.28] 43.6s
  [154/448]     bps3_cp24_fec12_pi6_pb1000  mid_latitude_moderate   14.0 dB    0/10  (  0.0%) [0.00,0.28] 42.1s
  [155/448]     bps3_cp24_fec12_pi6_pb1000  mid_latitude_moderate   19.0 dB    1/10  ( 10.0%) [0.02,0.40] 39.0s
  [156/448]     bps3_cp24_fec12_pi6_pb1000  mid_latitude_moderate   24.0 dB    2/10  ( 20.0%) [0.06,0.51] 39.5s
  [157/448]     bps3_cp24_fec12_pi6_pb1000 mid_latitude_disturbed    9.0 dB    0/10  (  0.0%) [0.00,0.28] 41.3s
  [158/448]     bps3_cp24_fec12_pi6_pb1000 mid_latitude_disturbed   14.0 dB    0/10  (  0.0%) [0.00,0.28] 36.9s
  [159/448]     bps3_cp24_fec12_pi6_pb1000 mid_latitude_disturbed   19.0 dB    1/10  ( 10.0%) [0.02,0.40] 40.2s
  [160/448]     bps3_cp24_fec12_pi6_pb1000 mid_latitude_disturbed   24.0 dB    2/10  ( 20.0%) [0.06,0.51] 38.0s
  [161/448]    bps3_cp36_fec34_pi20_pb1000                   awgn    9.0 dB    0/10  (  0.0%) [0.00,0.28] 19.1s
  [162/448]    bps3_cp36_fec34_pi20_pb1000                   awgn   14.0 dB   10/10  (100.0%) [0.72,1.00] 11.8s
  [163/448]    bps3_cp36_fec34_pi20_pb1000                   awgn   19.0 dB   10/10  (100.0%) [0.72,1.00] 10.3s
  [164/448]    bps3_cp36_fec34_pi20_pb1000                   awgn   24.0 dB   10/10  (100.0%) [0.72,1.00] 7.9s
  [165/448]    bps3_cp36_fec34_pi20_pb1000     mid_latitude_quiet    9.0 dB    0/10  (  0.0%) [0.00,0.28] 18.0s
  [166/448]    bps3_cp36_fec34_pi20_pb1000     mid_latitude_quiet   14.0 dB    4/10  ( 40.0%) [0.17,0.69] 14.6s
  [167/448]    bps3_cp36_fec34_pi20_pb1000     mid_latitude_quiet   19.0 dB    7/10  ( 70.0%) [0.40,0.89] 11.6s
  [168/448]    bps3_cp36_fec34_pi20_pb1000     mid_latitude_quiet   24.0 dB    9/10  ( 90.0%) [0.60,0.98] 13.6s
  [169/448]    bps3_cp36_fec34_pi20_pb1000  mid_latitude_moderate    9.0 dB    0/10  (  0.0%) [0.00,0.28] 16.0s
  [170/448]    bps3_cp36_fec34_pi20_pb1000  mid_latitude_moderate   14.0 dB    0/10  (  0.0%) [0.00,0.28] 17.7s
  [171/448]    bps3_cp36_fec34_pi20_pb1000  mid_latitude_moderate   19.0 dB    1/10  ( 10.0%) [0.02,0.40] 17.1s
  [172/448]    bps3_cp36_fec34_pi20_pb1000  mid_latitude_moderate   24.0 dB    1/10  ( 10.0%) [0.02,0.40] 17.2s
  [173/448]    bps3_cp36_fec34_pi20_pb1000 mid_latitude_disturbed    9.0 dB    0/10  (  0.0%) [0.00,0.28] 20.9s
  [174/448]    bps3_cp36_fec34_pi20_pb1000 mid_latitude_disturbed   14.0 dB    0/10  (  0.0%) [0.00,0.28] 19.7s
  [175/448]    bps3_cp36_fec34_pi20_pb1000 mid_latitude_disturbed   19.0 dB    0/10  (  0.0%) [0.00,0.28] 16.6s
  [176/448]    bps3_cp36_fec34_pi20_pb1000 mid_latitude_disturbed   24.0 dB    0/10  (  0.0%) [0.00,0.28] 17.9s
  [177/448]    bps3_cp36_fec34_pi10_pb1000                   awgn    9.0 dB    0/10  (  0.0%) [0.00,0.28] 20.2s
  [178/448]    bps3_cp36_fec34_pi10_pb1000                   awgn   14.0 dB   10/10  (100.0%) [0.72,1.00] 11.3s
  [179/448]    bps3_cp36_fec34_pi10_pb1000                   awgn   19.0 dB   10/10  (100.0%) [0.72,1.00] 13.2s
  [180/448]    bps3_cp36_fec34_pi10_pb1000                   awgn   24.0 dB   10/10  (100.0%) [0.72,1.00] 11.0s
  [181/448]    bps3_cp36_fec34_pi10_pb1000     mid_latitude_quiet    9.0 dB    0/10  (  0.0%) [0.00,0.28] 18.9s
  [182/448]    bps3_cp36_fec34_pi10_pb1000     mid_latitude_quiet   14.0 dB    3/10  ( 30.0%) [0.11,0.60] 18.1s
  [183/448]    bps3_cp36_fec34_pi10_pb1000     mid_latitude_quiet   19.0 dB    7/10  ( 70.0%) [0.40,0.89] 12.9s
  [184/448]    bps3_cp36_fec34_pi10_pb1000     mid_latitude_quiet   24.0 dB    6/10  ( 60.0%) [0.31,0.83] 13.0s
  [185/448]    bps3_cp36_fec34_pi10_pb1000  mid_latitude_moderate    9.0 dB    0/10  (  0.0%) [0.00,0.28] 17.3s
  [186/448]    bps3_cp36_fec34_pi10_pb1000  mid_latitude_moderate   14.0 dB    0/10  (  0.0%) [0.00,0.28] 14.0s
  [187/448]    bps3_cp36_fec34_pi10_pb1000  mid_latitude_moderate   19.0 dB    1/10  ( 10.0%) [0.02,0.40] 20.4s
  [188/448]    bps3_cp36_fec34_pi10_pb1000  mid_latitude_moderate   24.0 dB    2/10  ( 20.0%) [0.06,0.51] 15.3s
  [189/448]    bps3_cp36_fec34_pi10_pb1000 mid_latitude_disturbed    9.0 dB    0/10  (  0.0%) [0.00,0.28] 13.3s
  [190/448]    bps3_cp36_fec34_pi10_pb1000 mid_latitude_disturbed   14.0 dB    0/10  (  0.0%) [0.00,0.28] 10.9s
  [191/448]    bps3_cp36_fec34_pi10_pb1000 mid_latitude_disturbed   19.0 dB    0/10  (  0.0%) [0.00,0.28] 10.7s
  [192/448]    bps3_cp36_fec34_pi10_pb1000 mid_latitude_disturbed   24.0 dB    1/10  ( 10.0%) [0.02,0.40] 10.0s
  [193/448]     bps3_cp36_fec34_pi6_pb1000                   awgn    9.0 dB    0/10  (  0.0%) [0.00,0.28] 20.1s
  [194/448]     bps3_cp36_fec34_pi6_pb1000                   awgn   14.0 dB   10/10  (100.0%) [0.72,1.00] 13.3s
  [195/448]     bps3_cp36_fec34_pi6_pb1000                   awgn   19.0 dB   10/10  (100.0%) [0.72,1.00] 12.0s
  [196/448]     bps3_cp36_fec34_pi6_pb1000                   awgn   24.0 dB   10/10  (100.0%) [0.72,1.00] 10.8s
  [197/448]     bps3_cp36_fec34_pi6_pb1000     mid_latitude_quiet    9.0 dB    0/10  (  0.0%) [0.00,0.28] 18.3s
  [198/448]     bps3_cp36_fec34_pi6_pb1000     mid_latitude_quiet   14.0 dB    2/10  ( 20.0%) [0.06,0.51] 18.7s
  [199/448]     bps3_cp36_fec34_pi6_pb1000     mid_latitude_quiet   19.0 dB    6/10  ( 60.0%) [0.31,0.83] 17.3s
  [200/448]     bps3_cp36_fec34_pi6_pb1000     mid_latitude_quiet   24.0 dB    7/10  ( 70.0%) [0.40,0.89] 14.7s
  [201/448]     bps3_cp36_fec34_pi6_pb1000  mid_latitude_moderate    9.0 dB    0/10  (  0.0%) [0.00,0.28] 11.8s
  [202/448]     bps3_cp36_fec34_pi6_pb1000  mid_latitude_moderate   14.0 dB    0/10  (  0.0%) [0.00,0.28] 12.4s
  [203/448]     bps3_cp36_fec34_pi6_pb1000  mid_latitude_moderate   19.0 dB    1/10  ( 10.0%) [0.02,0.40] 13.7s
  [204/448]     bps3_cp36_fec34_pi6_pb1000  mid_latitude_moderate   24.0 dB    3/10  ( 30.0%) [0.11,0.60] 10.5s
  [205/448]     bps3_cp36_fec34_pi6_pb1000 mid_latitude_disturbed    9.0 dB    0/10  (  0.0%) [0.00,0.28] 16.9s
  [206/448]     bps3_cp36_fec34_pi6_pb1000 mid_latitude_disturbed   14.0 dB    0/10  (  0.0%) [0.00,0.28] 18.7s
  [207/448]     bps3_cp36_fec34_pi6_pb1000 mid_latitude_disturbed   19.0 dB    0/10  (  0.0%) [0.00,0.28] 16.3s
  [208/448]     bps3_cp36_fec34_pi6_pb1000 mid_latitude_disturbed   24.0 dB    0/10  (  0.0%) [0.00,0.28] 16.3s
  [209/448]    bps3_cp36_fec23_pi20_pb1000                   awgn    9.0 dB    0/10  (  0.0%) [0.00,0.28] 14.4s
  [210/448]    bps3_cp36_fec23_pi20_pb1000                   awgn   14.0 dB   10/10  (100.0%) [0.72,1.00] 6.2s
  [211/448]    bps3_cp36_fec23_pi20_pb1000                   awgn   19.0 dB   10/10  (100.0%) [0.72,1.00] 5.7s
  [212/448]    bps3_cp36_fec23_pi20_pb1000                   awgn   24.0 dB   10/10  (100.0%) [0.72,1.00] 4.9s
  [213/448]    bps3_cp36_fec23_pi20_pb1000     mid_latitude_quiet    9.0 dB    0/10  (  0.0%) [0.00,0.28] 20.9s
  [214/448]    bps3_cp36_fec23_pi20_pb1000     mid_latitude_quiet   14.0 dB    4/10  ( 40.0%) [0.17,0.69] 18.0s
  [215/448]    bps3_cp36_fec23_pi20_pb1000     mid_latitude_quiet   19.0 dB    8/10  ( 80.0%) [0.49,0.94] 17.7s
  [216/448]    bps3_cp36_fec23_pi20_pb1000     mid_latitude_quiet   24.0 dB    9/10  ( 90.0%) [0.60,0.98] 13.6s
  [217/448]    bps3_cp36_fec23_pi20_pb1000  mid_latitude_moderate    9.0 dB    0/10  (  0.0%) [0.00,0.28] 20.4s
  [218/448]    bps3_cp36_fec23_pi20_pb1000  mid_latitude_moderate   14.0 dB    0/10  (  0.0%) [0.00,0.28] 23.5s
  [219/448]    bps3_cp36_fec23_pi20_pb1000  mid_latitude_moderate   19.0 dB    0/10  (  0.0%) [0.00,0.28] 19.8s
  [220/448]    bps3_cp36_fec23_pi20_pb1000  mid_latitude_moderate   24.0 dB    3/10  ( 30.0%) [0.11,0.60] 20.7s
  [221/448]    bps3_cp36_fec23_pi20_pb1000 mid_latitude_disturbed    9.0 dB    0/10  (  0.0%) [0.00,0.28] 21.6s
  [222/448]    bps3_cp36_fec23_pi20_pb1000 mid_latitude_disturbed   14.0 dB    0/10  (  0.0%) [0.00,0.28] 22.9s
  [223/448]    bps3_cp36_fec23_pi20_pb1000 mid_latitude_disturbed   19.0 dB    0/10  (  0.0%) [0.00,0.28] 19.2s
  [224/448]    bps3_cp36_fec23_pi20_pb1000 mid_latitude_disturbed   24.0 dB    0/10  (  0.0%) [0.00,0.28] 23.4s
  [225/448]    bps3_cp36_fec23_pi10_pb1000                   awgn    9.0 dB    0/10  (  0.0%) [0.00,0.28] 24.6s
  [226/448]    bps3_cp36_fec23_pi10_pb1000                   awgn   14.0 dB   10/10  (100.0%) [0.72,1.00] 13.6s
  [227/448]    bps3_cp36_fec23_pi10_pb1000                   awgn   19.0 dB   10/10  (100.0%) [0.72,1.00] 13.9s
  [228/448]    bps3_cp36_fec23_pi10_pb1000                   awgn   24.0 dB   10/10  (100.0%) [0.72,1.00] 13.7s
  [229/448]    bps3_cp36_fec23_pi10_pb1000     mid_latitude_quiet    9.0 dB    0/10  (  0.0%) [0.00,0.28] 21.4s
  [230/448]    bps3_cp36_fec23_pi10_pb1000     mid_latitude_quiet   14.0 dB    1/10  ( 10.0%) [0.02,0.40] 24.3s
  [231/448]    bps3_cp36_fec23_pi10_pb1000     mid_latitude_quiet   19.0 dB    8/10  ( 80.0%) [0.49,0.94] 17.2s
  [232/448]    bps3_cp36_fec23_pi10_pb1000     mid_latitude_quiet   24.0 dB    9/10  ( 90.0%) [0.60,0.98] 17.5s
  [233/448]    bps3_cp36_fec23_pi10_pb1000  mid_latitude_moderate    9.0 dB    0/10  (  0.0%) [0.00,0.28] 26.0s
  [234/448]    bps3_cp36_fec23_pi10_pb1000  mid_latitude_moderate   14.0 dB    0/10  (  0.0%) [0.00,0.28] 29.3s
  [235/448]    bps3_cp36_fec23_pi10_pb1000  mid_latitude_moderate   19.0 dB    2/10  ( 20.0%) [0.06,0.51] 27.4s
  [236/448]    bps3_cp36_fec23_pi10_pb1000  mid_latitude_moderate   24.0 dB    2/10  ( 20.0%) [0.06,0.51] 24.6s
  [237/448]    bps3_cp36_fec23_pi10_pb1000 mid_latitude_disturbed    9.0 dB    0/10  (  0.0%) [0.00,0.28] 27.4s
  [238/448]    bps3_cp36_fec23_pi10_pb1000 mid_latitude_disturbed   14.0 dB    0/10  (  0.0%) [0.00,0.28] 27.4s
  [239/448]    bps3_cp36_fec23_pi10_pb1000 mid_latitude_disturbed   19.0 dB    0/10  (  0.0%) [0.00,0.28] 28.3s
  [240/448]    bps3_cp36_fec23_pi10_pb1000 mid_latitude_disturbed   24.0 dB    0/10  (  0.0%) [0.00,0.28] 25.9s
  [241/448]     bps3_cp36_fec23_pi6_pb1000                   awgn    9.0 dB    0/10  (  0.0%) [0.00,0.28] 27.1s
  [242/448]     bps3_cp36_fec23_pi6_pb1000                   awgn   14.0 dB   10/10  (100.0%) [0.72,1.00] 18.7s
  [243/448]     bps3_cp36_fec23_pi6_pb1000                   awgn   19.0 dB   10/10  (100.0%) [0.72,1.00] 18.0s
  [244/448]     bps3_cp36_fec23_pi6_pb1000                   awgn   24.0 dB   10/10  (100.0%) [0.72,1.00] 16.3s
  [245/448]     bps3_cp36_fec23_pi6_pb1000     mid_latitude_quiet    9.0 dB    0/10  (  0.0%) [0.00,0.28] 26.0s
  [246/448]     bps3_cp36_fec23_pi6_pb1000     mid_latitude_quiet   14.0 dB    2/10  ( 20.0%) [0.06,0.51] 24.9s
  [247/448]     bps3_cp36_fec23_pi6_pb1000     mid_latitude_quiet   19.0 dB    5/10  ( 50.0%) [0.24,0.76] 20.8s
  [248/448]     bps3_cp36_fec23_pi6_pb1000     mid_latitude_quiet   24.0 dB    7/10  ( 70.0%) [0.40,0.89] 18.8s
  [249/448]     bps3_cp36_fec23_pi6_pb1000  mid_latitude_moderate    9.0 dB    0/10  (  0.0%) [0.00,0.28] 20.2s
  [250/448]     bps3_cp36_fec23_pi6_pb1000  mid_latitude_moderate   14.0 dB    0/10  (  0.0%) [0.00,0.28] 26.9s
  [251/448]     bps3_cp36_fec23_pi6_pb1000  mid_latitude_moderate   19.0 dB    4/10  ( 40.0%) [0.17,0.69] 21.8s
  [252/448]     bps3_cp36_fec23_pi6_pb1000  mid_latitude_moderate   24.0 dB    1/10  ( 10.0%) [0.02,0.40] 31.2s
  [253/448]     bps3_cp36_fec23_pi6_pb1000 mid_latitude_disturbed    9.0 dB    0/10  (  0.0%) [0.00,0.28] 26.7s
  [254/448]     bps3_cp36_fec23_pi6_pb1000 mid_latitude_disturbed   14.0 dB    0/10  (  0.0%) [0.00,0.28] 23.5s
  [255/448]     bps3_cp36_fec23_pi6_pb1000 mid_latitude_disturbed   19.0 dB    0/10  (  0.0%) [0.00,0.28] 23.0s
  [256/448]     bps3_cp36_fec23_pi6_pb1000 mid_latitude_disturbed   24.0 dB    2/10  ( 20.0%) [0.06,0.51] 23.5s
  [257/448]    bps3_cp36_fec12_pi20_pb1000                   awgn    9.0 dB    3/10  ( 30.0%) [0.11,0.60] 33.3s
  [258/448]    bps3_cp36_fec12_pi20_pb1000                   awgn   14.0 dB   10/10  (100.0%) [0.72,1.00] 21.1s
  [259/448]    bps3_cp36_fec12_pi20_pb1000                   awgn   19.0 dB   10/10  (100.0%) [0.72,1.00] 28.5s
  [260/448]    bps3_cp36_fec12_pi20_pb1000                   awgn   24.0 dB   10/10  (100.0%) [0.72,1.00] 19.6s
  [261/448]    bps3_cp36_fec12_pi20_pb1000     mid_latitude_quiet    9.0 dB    1/10  ( 10.0%) [0.02,0.40] 35.9s
  [262/448]    bps3_cp36_fec12_pi20_pb1000     mid_latitude_quiet   14.0 dB    7/10  ( 70.0%) [0.40,0.89] 27.2s
  [263/448]    bps3_cp36_fec12_pi20_pb1000     mid_latitude_quiet   19.0 dB    9/10  ( 90.0%) [0.60,0.98] 22.8s
  [264/448]    bps3_cp36_fec12_pi20_pb1000     mid_latitude_quiet   24.0 dB    9/10  ( 90.0%) [0.60,0.98] 30.7s
  [265/448]    bps3_cp36_fec12_pi20_pb1000  mid_latitude_moderate    9.0 dB    0/10  (  0.0%) [0.00,0.28] 33.3s
  [266/448]    bps3_cp36_fec12_pi20_pb1000  mid_latitude_moderate   14.0 dB    0/10  (  0.0%) [0.00,0.28] 38.8s
  [267/448]    bps3_cp36_fec12_pi20_pb1000  mid_latitude_moderate   19.0 dB    2/10  ( 20.0%) [0.06,0.51] 40.6s
  [268/448]    bps3_cp36_fec12_pi20_pb1000  mid_latitude_moderate   24.0 dB    2/10  ( 20.0%) [0.06,0.51] 31.5s
  [269/448]    bps3_cp36_fec12_pi20_pb1000 mid_latitude_disturbed    9.0 dB    0/10  (  0.0%) [0.00,0.28] 35.7s
  [270/448]    bps3_cp36_fec12_pi20_pb1000 mid_latitude_disturbed   14.0 dB    0/10  (  0.0%) [0.00,0.28] 36.3s
  [271/448]    bps3_cp36_fec12_pi20_pb1000 mid_latitude_disturbed   19.0 dB    0/10  (  0.0%) [0.00,0.28] 37.5s
  [272/448]    bps3_cp36_fec12_pi20_pb1000 mid_latitude_disturbed   24.0 dB    0/10  (  0.0%) [0.00,0.28] 35.9s
  [273/448]    bps3_cp36_fec12_pi10_pb1000                   awgn    9.0 dB    6/10  ( 60.0%) [0.31,0.83] 34.2s
  [274/448]    bps3_cp36_fec12_pi10_pb1000                   awgn   14.0 dB   10/10  (100.0%) [0.72,1.00] 23.8s
  [275/448]    bps3_cp36_fec12_pi10_pb1000                   awgn   19.0 dB   10/10  (100.0%) [0.72,1.00] 23.2s
  [276/448]    bps3_cp36_fec12_pi10_pb1000                   awgn   24.0 dB   10/10  (100.0%) [0.72,1.00] 22.8s
  [277/448]    bps3_cp36_fec12_pi10_pb1000     mid_latitude_quiet    9.0 dB    0/10  (  0.0%) [0.00,0.28] 36.9s
  [278/448]    bps3_cp36_fec12_pi10_pb1000     mid_latitude_quiet   14.0 dB    5/10  ( 50.0%) [0.24,0.76] 33.6s
  [279/448]    bps3_cp36_fec12_pi10_pb1000     mid_latitude_quiet   19.0 dB    7/10  ( 70.0%) [0.40,0.89] 26.9s
  [280/448]    bps3_cp36_fec12_pi10_pb1000     mid_latitude_quiet   24.0 dB    9/10  ( 90.0%) [0.60,0.98] 25.6s
  [281/448]    bps3_cp36_fec12_pi10_pb1000  mid_latitude_moderate    9.0 dB    0/10  (  0.0%) [0.00,0.28] 39.9s
  [282/448]    bps3_cp36_fec12_pi10_pb1000  mid_latitude_moderate   14.0 dB    0/10  (  0.0%) [0.00,0.28] 35.2s
  [283/448]    bps3_cp36_fec12_pi10_pb1000  mid_latitude_moderate   19.0 dB    1/10  ( 10.0%) [0.02,0.40] 37.3s
  [284/448]    bps3_cp36_fec12_pi10_pb1000  mid_latitude_moderate   24.0 dB    5/10  ( 50.0%) [0.24,0.76] 30.5s
  [285/448]    bps3_cp36_fec12_pi10_pb1000 mid_latitude_disturbed    9.0 dB    0/10  (  0.0%) [0.00,0.28] 36.8s
  [286/448]    bps3_cp36_fec12_pi10_pb1000 mid_latitude_disturbed   14.0 dB    0/10  (  0.0%) [0.00,0.28] 36.3s
  [287/448]    bps3_cp36_fec12_pi10_pb1000 mid_latitude_disturbed   19.0 dB    0/10  (  0.0%) [0.00,0.28] 36.0s
  [288/448]    bps3_cp36_fec12_pi10_pb1000 mid_latitude_disturbed   24.0 dB    2/10  ( 20.0%) [0.06,0.51] 39.9s
  [289/448]     bps3_cp36_fec12_pi6_pb1000                   awgn    9.0 dB    5/10  ( 50.0%) [0.24,0.76] 39.9s
  [290/448]     bps3_cp36_fec12_pi6_pb1000                   awgn   14.0 dB   10/10  (100.0%) [0.72,1.00] 28.7s
  [291/448]     bps3_cp36_fec12_pi6_pb1000                   awgn   19.0 dB   10/10  (100.0%) [0.72,1.00] 26.4s
  [292/448]     bps3_cp36_fec12_pi6_pb1000                   awgn   24.0 dB   10/10  (100.0%) [0.72,1.00] 26.9s
  [293/448]     bps3_cp36_fec12_pi6_pb1000     mid_latitude_quiet    9.0 dB    0/10  (  0.0%) [0.00,0.28] 43.6s
  [294/448]     bps3_cp36_fec12_pi6_pb1000     mid_latitude_quiet   14.0 dB    5/10  ( 50.0%) [0.24,0.76] 37.8s
  [295/448]     bps3_cp36_fec12_pi6_pb1000     mid_latitude_quiet   19.0 dB    5/10  ( 50.0%) [0.24,0.76] 35.6s
  [296/448]     bps3_cp36_fec12_pi6_pb1000     mid_latitude_quiet   24.0 dB    8/10  ( 80.0%) [0.49,0.94] 32.7s
  [297/448]     bps3_cp36_fec12_pi6_pb1000  mid_latitude_moderate    9.0 dB    0/10  (  0.0%) [0.00,0.28] 43.0s
  [298/448]     bps3_cp36_fec12_pi6_pb1000  mid_latitude_moderate   14.0 dB    0/10  (  0.0%) [0.00,0.28] 42.8s
  [299/448]     bps3_cp36_fec12_pi6_pb1000  mid_latitude_moderate   19.0 dB    0/10  (  0.0%) [0.00,0.28] 40.2s
  [300/448]     bps3_cp36_fec12_pi6_pb1000  mid_latitude_moderate   24.0 dB    0/10  (  0.0%) [0.00,0.28] 35.2s
  [301/448]     bps3_cp36_fec12_pi6_pb1000 mid_latitude_disturbed    9.0 dB    0/10  (  0.0%) [0.00,0.28] 39.3s
  [302/448]     bps3_cp36_fec12_pi6_pb1000 mid_latitude_disturbed   14.0 dB    0/10  (  0.0%) [0.00,0.28] 36.1s
  [303/448]     bps3_cp36_fec12_pi6_pb1000 mid_latitude_disturbed   19.0 dB    0/10  (  0.0%) [0.00,0.28] 37.6s
  [304/448]     bps3_cp36_fec12_pi6_pb1000 mid_latitude_disturbed   24.0 dB    3/10  ( 30.0%) [0.11,0.60] 32.2s
  [305/448]    bps3_cp48_fec34_pi20_pb1000                   awgn    9.0 dB    0/10  (  0.0%) [0.00,0.28] 17.7s
  [306/448]    bps3_cp48_fec34_pi20_pb1000                   awgn   14.0 dB   10/10  (100.0%) [0.72,1.00] 10.5s
  [307/448]    bps3_cp48_fec34_pi20_pb1000                   awgn   19.0 dB   10/10  (100.0%) [0.72,1.00] 11.4s
  [308/448]    bps3_cp48_fec34_pi20_pb1000                   awgn   24.0 dB   10/10  (100.0%) [0.72,1.00] 10.1s
  [309/448]    bps3_cp48_fec34_pi20_pb1000     mid_latitude_quiet    9.0 dB    0/10  (  0.0%) [0.00,0.28] 13.2s
  [310/448]    bps3_cp48_fec34_pi20_pb1000     mid_latitude_quiet   14.0 dB    3/10  ( 30.0%) [0.11,0.60] 10.2s
  [311/448]    bps3_cp48_fec34_pi20_pb1000     mid_latitude_quiet   19.0 dB   10/10  (100.0%) [0.72,1.00] 6.0s
  [312/448]    bps3_cp48_fec34_pi20_pb1000     mid_latitude_quiet   24.0 dB    8/10  ( 80.0%) [0.49,0.94] 6.8s
  [313/448]    bps3_cp48_fec34_pi20_pb1000  mid_latitude_moderate    9.0 dB    0/10  (  0.0%) [0.00,0.28] 18.6s
  [314/448]    bps3_cp48_fec34_pi20_pb1000  mid_latitude_moderate   14.0 dB    0/10  (  0.0%) [0.00,0.28] 17.1s
  [315/448]    bps3_cp48_fec34_pi20_pb1000  mid_latitude_moderate   19.0 dB    1/10  ( 10.0%) [0.02,0.40] 16.0s
  [316/448]    bps3_cp48_fec34_pi20_pb1000  mid_latitude_moderate   24.0 dB    0/10  (  0.0%) [0.00,0.28] 17.1s
  [317/448]    bps3_cp48_fec34_pi20_pb1000 mid_latitude_disturbed    9.0 dB    0/10  (  0.0%) [0.00,0.28] 17.9s
  [318/448]    bps3_cp48_fec34_pi20_pb1000 mid_latitude_disturbed   14.0 dB    0/10  (  0.0%) [0.00,0.28] 15.9s
  [319/448]    bps3_cp48_fec34_pi20_pb1000 mid_latitude_disturbed   19.0 dB    0/10  (  0.0%) [0.00,0.28] 15.2s
  [320/448]    bps3_cp48_fec34_pi20_pb1000 mid_latitude_disturbed   24.0 dB    0/10  (  0.0%) [0.00,0.28] 16.8s
  [321/448]    bps3_cp48_fec34_pi10_pb1000                   awgn    9.0 dB    0/10  (  0.0%) [0.00,0.28] 19.4s
  [322/448]    bps3_cp48_fec34_pi10_pb1000                   awgn   14.0 dB   10/10  (100.0%) [0.72,1.00] 11.4s
  [323/448]    bps3_cp48_fec34_pi10_pb1000                   awgn   19.0 dB   10/10  (100.0%) [0.72,1.00] 10.8s
  [324/448]    bps3_cp48_fec34_pi10_pb1000                   awgn   24.0 dB   10/10  (100.0%) [0.72,1.00] 12.3s
  [325/448]    bps3_cp48_fec34_pi10_pb1000     mid_latitude_quiet    9.0 dB    0/10  (  0.0%) [0.00,0.28] 18.0s
  [326/448]    bps3_cp48_fec34_pi10_pb1000     mid_latitude_quiet   14.0 dB    4/10  ( 40.0%) [0.17,0.69] 17.8s
  [327/448]    bps3_cp48_fec34_pi10_pb1000     mid_latitude_quiet   19.0 dB    7/10  ( 70.0%) [0.40,0.89] 14.4s
  [328/448]    bps3_cp48_fec34_pi10_pb1000     mid_latitude_quiet   24.0 dB    9/10  ( 90.0%) [0.60,0.98] 13.9s
  [329/448]    bps3_cp48_fec34_pi10_pb1000  mid_latitude_moderate    9.0 dB    0/10  (  0.0%) [0.00,0.28] 17.0s
  [330/448]    bps3_cp48_fec34_pi10_pb1000  mid_latitude_moderate   14.0 dB    0/10  (  0.0%) [0.00,0.28] 16.5s
  [331/448]    bps3_cp48_fec34_pi10_pb1000  mid_latitude_moderate   19.0 dB    0/10  (  0.0%) [0.00,0.28] 19.1s
  [332/448]    bps3_cp48_fec34_pi10_pb1000  mid_latitude_moderate   24.0 dB    0/10  (  0.0%) [0.00,0.28] 16.6s
  [333/448]    bps3_cp48_fec34_pi10_pb1000 mid_latitude_disturbed    9.0 dB    0/10  (  0.0%) [0.00,0.28] 12.5s
  [334/448]    bps3_cp48_fec34_pi10_pb1000 mid_latitude_disturbed   14.0 dB    0/10  (  0.0%) [0.00,0.28] 11.5s
  [335/448]    bps3_cp48_fec34_pi10_pb1000 mid_latitude_disturbed   19.0 dB    0/10  (  0.0%) [0.00,0.28] 12.1s
  [336/448]    bps3_cp48_fec34_pi10_pb1000 mid_latitude_disturbed   24.0 dB    1/10  ( 10.0%) [0.02,0.40] 11.6s
  [337/448]     bps3_cp48_fec34_pi6_pb1000                   awgn    9.0 dB    0/10  (  0.0%) [0.00,0.28] 22.1s
  [338/448]     bps3_cp48_fec34_pi6_pb1000                   awgn   14.0 dB   10/10  (100.0%) [0.72,1.00] 16.0s
  [339/448]     bps3_cp48_fec34_pi6_pb1000                   awgn   19.0 dB   10/10  (100.0%) [0.72,1.00] 14.5s
  [340/448]     bps3_cp48_fec34_pi6_pb1000                   awgn   24.0 dB   10/10  (100.0%) [0.72,1.00] 13.6s
  [341/448]     bps3_cp48_fec34_pi6_pb1000     mid_latitude_quiet    9.0 dB    0/10  (  0.0%) [0.00,0.28] 19.9s
  [342/448]     bps3_cp48_fec34_pi6_pb1000     mid_latitude_quiet   14.0 dB    2/10  ( 20.0%) [0.06,0.51] 21.4s
  [343/448]     bps3_cp48_fec34_pi6_pb1000     mid_latitude_quiet   19.0 dB    9/10  ( 90.0%) [0.60,0.98] 19.0s
  [344/448]     bps3_cp48_fec34_pi6_pb1000     mid_latitude_quiet   24.0 dB    8/10  ( 80.0%) [0.49,0.94] 17.0s
  [345/448]     bps3_cp48_fec34_pi6_pb1000  mid_latitude_moderate    9.0 dB    0/10  (  0.0%) [0.00,0.28] 20.8s
  [346/448]     bps3_cp48_fec34_pi6_pb1000  mid_latitude_moderate   14.0 dB    0/10  (  0.0%) [0.00,0.28] 21.4s
  [347/448]     bps3_cp48_fec34_pi6_pb1000  mid_latitude_moderate   19.0 dB    0/10  (  0.0%) [0.00,0.28] 21.1s
  [348/448]     bps3_cp48_fec34_pi6_pb1000  mid_latitude_moderate   24.0 dB    3/10  ( 30.0%) [0.11,0.60] 20.0s
  [349/448]     bps3_cp48_fec34_pi6_pb1000 mid_latitude_disturbed    9.0 dB    0/10  (  0.0%) [0.00,0.28] 20.7s
  [350/448]     bps3_cp48_fec34_pi6_pb1000 mid_latitude_disturbed   14.0 dB    0/10  (  0.0%) [0.00,0.28] 20.1s
  [351/448]     bps3_cp48_fec34_pi6_pb1000 mid_latitude_disturbed   19.0 dB    0/10  (  0.0%) [0.00,0.28] 19.6s
  [352/448]     bps3_cp48_fec34_pi6_pb1000 mid_latitude_disturbed   24.0 dB    2/10  ( 20.0%) [0.06,0.51] 19.1s
  [353/448]    bps3_cp48_fec23_pi20_pb1000                   awgn    9.0 dB    0/10  (  0.0%) [0.00,0.28] 21.1s
  [354/448]    bps3_cp48_fec23_pi20_pb1000                   awgn   14.0 dB   10/10  (100.0%) [0.72,1.00] 11.6s
  [355/448]    bps3_cp48_fec23_pi20_pb1000                   awgn   19.0 dB   10/10  (100.0%) [0.72,1.00] 12.3s
  [356/448]    bps3_cp48_fec23_pi20_pb1000                   awgn   24.0 dB   10/10  (100.0%) [0.72,1.00] 10.7s
  [357/448]    bps3_cp48_fec23_pi20_pb1000     mid_latitude_quiet    9.0 dB    0/10  (  0.0%) [0.00,0.28] 15.2s
  [358/448]    bps3_cp48_fec23_pi20_pb1000     mid_latitude_quiet   14.0 dB    3/10  ( 30.0%) [0.11,0.60] 12.7s
  [359/448]    bps3_cp48_fec23_pi20_pb1000     mid_latitude_quiet   19.0 dB    4/10  ( 40.0%) [0.17,0.69] 11.5s
  [360/448]    bps3_cp48_fec23_pi20_pb1000     mid_latitude_quiet   24.0 dB    8/10  ( 80.0%) [0.49,0.94] 9.3s
  [361/448]    bps3_cp48_fec23_pi20_pb1000  mid_latitude_moderate    9.0 dB    0/10  (  0.0%) [0.00,0.28] 20.1s
  [362/448]    bps3_cp48_fec23_pi20_pb1000  mid_latitude_moderate   14.0 dB    0/10  (  0.0%) [0.00,0.28] 19.1s
  [363/448]    bps3_cp48_fec23_pi20_pb1000  mid_latitude_moderate   19.0 dB    1/10  ( 10.0%) [0.02,0.40] 17.3s
  [364/448]    bps3_cp48_fec23_pi20_pb1000  mid_latitude_moderate   24.0 dB    4/10  ( 40.0%) [0.17,0.69] 16.8s
  [365/448]    bps3_cp48_fec23_pi20_pb1000 mid_latitude_disturbed    9.0 dB    0/10  (  0.0%) [0.00,0.28] 19.9s
  [366/448]    bps3_cp48_fec23_pi20_pb1000 mid_latitude_disturbed   14.0 dB    0/10  (  0.0%) [0.00,0.28] 20.7s
  [367/448]    bps3_cp48_fec23_pi20_pb1000 mid_latitude_disturbed   19.0 dB    0/10  (  0.0%) [0.00,0.28] 20.4s
  [368/448]    bps3_cp48_fec23_pi20_pb1000 mid_latitude_disturbed   24.0 dB    0/10  (  0.0%) [0.00,0.28] 20.7s
  [369/448]    bps3_cp48_fec23_pi10_pb1000                   awgn    9.0 dB    0/10  (  0.0%) [0.00,0.28] 23.5s
  [370/448]    bps3_cp48_fec23_pi10_pb1000                   awgn   14.0 dB   10/10  (100.0%) [0.72,1.00] 15.2s
  [371/448]    bps3_cp48_fec23_pi10_pb1000                   awgn   19.0 dB   10/10  (100.0%) [0.72,1.00] 13.1s
  [372/448]    bps3_cp48_fec23_pi10_pb1000                   awgn   24.0 dB   10/10  (100.0%) [0.72,1.00] 14.4s
  [373/448]    bps3_cp48_fec23_pi10_pb1000     mid_latitude_quiet    9.0 dB    0/10  (  0.0%) [0.00,0.28] 20.9s
  [374/448]    bps3_cp48_fec23_pi10_pb1000     mid_latitude_quiet   14.0 dB    4/10  ( 40.0%) [0.17,0.69] 21.2s
  [375/448]    bps3_cp48_fec23_pi10_pb1000     mid_latitude_quiet   19.0 dB    9/10  ( 90.0%) [0.60,0.98] 16.8s
  [376/448]    bps3_cp48_fec23_pi10_pb1000     mid_latitude_quiet   24.0 dB    9/10  ( 90.0%) [0.60,0.98] 14.9s
  [377/448]    bps3_cp48_fec23_pi10_pb1000  mid_latitude_moderate    9.0 dB    0/10  (  0.0%) [0.00,0.28] 22.9s
  [378/448]    bps3_cp48_fec23_pi10_pb1000  mid_latitude_moderate   14.0 dB    0/10  (  0.0%) [0.00,0.28] 21.9s
  [379/448]    bps3_cp48_fec23_pi10_pb1000  mid_latitude_moderate   19.0 dB    1/10  ( 10.0%) [0.02,0.40] 21.0s
  [380/448]    bps3_cp48_fec23_pi10_pb1000  mid_latitude_moderate   24.0 dB    3/10  ( 30.0%) [0.11,0.60] 21.1s
  [381/448]    bps3_cp48_fec23_pi10_pb1000 mid_latitude_disturbed    9.0 dB    0/10  (  0.0%) [0.00,0.28] 12.5s
  [382/448]    bps3_cp48_fec23_pi10_pb1000 mid_latitude_disturbed   14.0 dB    0/10  (  0.0%) [0.00,0.28] 13.4s
  [383/448]    bps3_cp48_fec23_pi10_pb1000 mid_latitude_disturbed   19.0 dB    0/10  (  0.0%) [0.00,0.28] 13.6s
  [384/448]    bps3_cp48_fec23_pi10_pb1000 mid_latitude_disturbed   24.0 dB    0/10  (  0.0%) [0.00,0.28] 13.5s
  [385/448]     bps3_cp48_fec23_pi6_pb1000                   awgn    9.0 dB    0/10  (  0.0%) [0.00,0.28] 27.2s
  [386/448]     bps3_cp48_fec23_pi6_pb1000                   awgn   14.0 dB   10/10  (100.0%) [0.72,1.00] 17.7s
  [387/448]     bps3_cp48_fec23_pi6_pb1000                   awgn   19.0 dB   10/10  (100.0%) [0.72,1.00] 19.3s
  [388/448]     bps3_cp48_fec23_pi6_pb1000                   awgn   24.0 dB   10/10  (100.0%) [0.72,1.00] 19.8s
  [389/448]     bps3_cp48_fec23_pi6_pb1000     mid_latitude_quiet    9.0 dB    0/10  (  0.0%) [0.00,0.28] 27.4s
  [390/448]     bps3_cp48_fec23_pi6_pb1000     mid_latitude_quiet   14.0 dB    5/10  ( 50.0%) [0.24,0.76] 24.3s
  [391/448]     bps3_cp48_fec23_pi6_pb1000     mid_latitude_quiet   19.0 dB    6/10  ( 60.0%) [0.31,0.83] 24.3s
  [392/448]     bps3_cp48_fec23_pi6_pb1000     mid_latitude_quiet   24.0 dB    8/10  ( 80.0%) [0.49,0.94] 22.8s
  [393/448]     bps3_cp48_fec23_pi6_pb1000  mid_latitude_moderate    9.0 dB    0/10  (  0.0%) [0.00,0.28] 29.3s
  [394/448]     bps3_cp48_fec23_pi6_pb1000  mid_latitude_moderate   14.0 dB    1/10  ( 10.0%) [0.02,0.40] 28.9s
  [395/448]     bps3_cp48_fec23_pi6_pb1000  mid_latitude_moderate   19.0 dB    2/10  ( 20.0%) [0.06,0.51] 31.0s
  [396/448]     bps3_cp48_fec23_pi6_pb1000  mid_latitude_moderate   24.0 dB    2/10  ( 20.0%) [0.06,0.51] 26.0s
  [397/448]     bps3_cp48_fec23_pi6_pb1000 mid_latitude_disturbed    9.0 dB    0/10  (  0.0%) [0.00,0.28] 17.3s
  [398/448]     bps3_cp48_fec23_pi6_pb1000 mid_latitude_disturbed   14.0 dB    0/10  (  0.0%) [0.00,0.28] 16.8s
  [399/448]     bps3_cp48_fec23_pi6_pb1000 mid_latitude_disturbed   19.0 dB    1/10  ( 10.0%) [0.02,0.40] 17.5s
  [400/448]     bps3_cp48_fec23_pi6_pb1000 mid_latitude_disturbed   24.0 dB    2/10  ( 20.0%) [0.06,0.51] 13.6s
  [401/448]    bps3_cp48_fec12_pi20_pb1000                   awgn    9.0 dB    4/10  ( 40.0%) [0.17,0.69] 33.4s
  [402/448]    bps3_cp48_fec12_pi20_pb1000                   awgn   14.0 dB   10/10  (100.0%) [0.72,1.00] 23.1s
  [403/448]    bps3_cp48_fec12_pi20_pb1000                   awgn   19.0 dB   10/10  (100.0%) [0.72,1.00] 22.6s
  [404/448]    bps3_cp48_fec12_pi20_pb1000                   awgn   24.0 dB   10/10  (100.0%) [0.72,1.00] 20.3s
  [405/448]    bps3_cp48_fec12_pi20_pb1000     mid_latitude_quiet    9.0 dB    0/10  (  0.0%) [0.00,0.28] 35.0s
  [406/448]    bps3_cp48_fec12_pi20_pb1000     mid_latitude_quiet   14.0 dB    5/10  ( 50.0%) [0.24,0.76] 32.6s
  [407/448]    bps3_cp48_fec12_pi20_pb1000     mid_latitude_quiet   19.0 dB    8/10  ( 80.0%) [0.49,0.94] 25.3s
  [408/448]    bps3_cp48_fec12_pi20_pb1000     mid_latitude_quiet   24.0 dB    8/10  ( 80.0%) [0.49,0.94] 22.6s
  [409/448]    bps3_cp48_fec12_pi20_pb1000  mid_latitude_moderate    9.0 dB    0/10  (  0.0%) [0.00,0.28] 21.2s
  [410/448]    bps3_cp48_fec12_pi20_pb1000  mid_latitude_moderate   14.0 dB    0/10  (  0.0%) [0.00,0.28] 21.9s
  [411/448]    bps3_cp48_fec12_pi20_pb1000  mid_latitude_moderate   19.0 dB    2/10  ( 20.0%) [0.06,0.51] 21.8s
  [412/448]    bps3_cp48_fec12_pi20_pb1000  mid_latitude_moderate   24.0 dB    2/10  ( 20.0%) [0.06,0.51] 19.5s
  [413/448]    bps3_cp48_fec12_pi20_pb1000 mid_latitude_disturbed    9.0 dB    0/10  (  0.0%) [0.00,0.28] 18.9s
  [414/448]    bps3_cp48_fec12_pi20_pb1000 mid_latitude_disturbed   14.0 dB    0/10  (  0.0%) [0.00,0.28] 18.0s
  [415/448]    bps3_cp48_fec12_pi20_pb1000 mid_latitude_disturbed   19.0 dB    0/10  (  0.0%) [0.00,0.28] 21.3s
  [416/448]    bps3_cp48_fec12_pi20_pb1000 mid_latitude_disturbed   24.0 dB    0/10  (  0.0%) [0.00,0.28] 22.6s
  [417/448]    bps3_cp48_fec12_pi10_pb1000                   awgn    9.0 dB    8/10  ( 80.0%) [0.49,0.94] 34.0s
  [418/448]    bps3_cp48_fec12_pi10_pb1000                   awgn   14.0 dB   10/10  (100.0%) [0.72,1.00] 24.4s
  [419/448]    bps3_cp48_fec12_pi10_pb1000                   awgn   19.0 dB   10/10  (100.0%) [0.72,1.00] 22.5s
  [420/448]    bps3_cp48_fec12_pi10_pb1000                   awgn   24.0 dB   10/10  (100.0%) [0.72,1.00] 21.6s
  [421/448]    bps3_cp48_fec12_pi10_pb1000     mid_latitude_quiet    9.0 dB    0/10  (  0.0%) [0.00,0.28] 43.6s
  [422/448]    bps3_cp48_fec12_pi10_pb1000     mid_latitude_quiet   14.0 dB    6/10  ( 60.0%) [0.31,0.83] 34.4s
  [423/448]    bps3_cp48_fec12_pi10_pb1000     mid_latitude_quiet   19.0 dB    8/10  ( 80.0%) [0.49,0.94] 33.0s
  [424/448]    bps3_cp48_fec12_pi10_pb1000     mid_latitude_quiet   24.0 dB   10/10  (100.0%) [0.72,1.00] 28.4s
  [425/448]    bps3_cp48_fec12_pi10_pb1000  mid_latitude_moderate    9.0 dB    0/10  (  0.0%) [0.00,0.28] 39.8s
  [426/448]    bps3_cp48_fec12_pi10_pb1000  mid_latitude_moderate   14.0 dB    0/10  (  0.0%) [0.00,0.28] 37.5s
  [427/448]    bps3_cp48_fec12_pi10_pb1000  mid_latitude_moderate   19.0 dB    2/10  ( 20.0%) [0.06,0.51] 36.1s
  [428/448]    bps3_cp48_fec12_pi10_pb1000  mid_latitude_moderate   24.0 dB    1/10  ( 10.0%) [0.02,0.40] 36.5s
  [429/448]    bps3_cp48_fec12_pi10_pb1000 mid_latitude_disturbed    9.0 dB    0/10  (  0.0%) [0.00,0.28] 34.3s
  [430/448]    bps3_cp48_fec12_pi10_pb1000 mid_latitude_disturbed   14.0 dB    0/10  (  0.0%) [0.00,0.28] 37.2s
  [431/448]    bps3_cp48_fec12_pi10_pb1000 mid_latitude_disturbed   19.0 dB    0/10  (  0.0%) [0.00,0.28] 30.7s
  [432/448]    bps3_cp48_fec12_pi10_pb1000 mid_latitude_disturbed   24.0 dB    1/10  ( 10.0%) [0.02,0.40] 29.9s
  [433/448]     bps3_cp48_fec12_pi6_pb1000                   awgn    9.0 dB    8/10  ( 80.0%) [0.49,0.94] 16.5s
  [434/448]     bps3_cp48_fec12_pi6_pb1000                   awgn   14.0 dB   10/10  (100.0%) [0.72,1.00] 8.2s
  [435/448]     bps3_cp48_fec12_pi6_pb1000                   awgn   19.0 dB   10/10  (100.0%) [0.72,1.00] 7.6s
  [436/448]     bps3_cp48_fec12_pi6_pb1000                   awgn   24.0 dB   10/10  (100.0%) [0.72,1.00] 7.5s
  [437/448]     bps3_cp48_fec12_pi6_pb1000     mid_latitude_quiet    9.0 dB    0/10  (  0.0%) [0.00,0.28] 20.4s
  [438/448]     bps3_cp48_fec12_pi6_pb1000     mid_latitude_quiet   14.0 dB    6/10  ( 60.0%) [0.31,0.83] 18.2s
  [439/448]     bps3_cp48_fec12_pi6_pb1000     mid_latitude_quiet   19.0 dB   10/10  (100.0%) [0.72,1.00] 9.9s
  [440/448]     bps3_cp48_fec12_pi6_pb1000     mid_latitude_quiet   24.0 dB    7/10  ( 70.0%) [0.40,0.89] 13.0s
  [441/448]     bps3_cp48_fec12_pi6_pb1000  mid_latitude_moderate    9.0 dB    0/10  (  0.0%) [0.00,0.28] 27.9s
  [442/448]     bps3_cp48_fec12_pi6_pb1000  mid_latitude_moderate   14.0 dB    0/10  (  0.0%) [0.00,0.28] 28.3s
  [443/448]     bps3_cp48_fec12_pi6_pb1000  mid_latitude_moderate   19.0 dB    2/10  ( 20.0%) [0.06,0.51] 27.5s
  [444/448]     bps3_cp48_fec12_pi6_pb1000  mid_latitude_moderate   24.0 dB    4/10  ( 40.0%) [0.17,0.69] 26.6s
  [445/448]     bps3_cp48_fec12_pi6_pb1000 mid_latitude_disturbed    9.0 dB    0/10  (  0.0%) [0.00,0.28] 28.0s
  [446/448]     bps3_cp48_fec12_pi6_pb1000 mid_latitude_disturbed   14.0 dB    0/10  (  0.0%) [0.00,0.28] 25.4s
  [447/448]     bps3_cp48_fec12_pi6_pb1000 mid_latitude_disturbed   19.0 dB    1/10  ( 10.0%) [0.02,0.40] 23.7s
  [448/448]     bps3_cp48_fec12_pi6_pb1000 mid_latitude_disturbed   24.0 dB    1/10  ( 10.0%) [0.02,0.40] 23.8s
wrote experiments/hf19_ofdm49_8psk/screen.json

== boundary summary (lowest SNR with success rate >= 90%, 'x' = not reached on this grid) ==
                        config  net bps  frame s           awgn mid_latitude_q mid_latitude_m mid_latitude_d
   bps3_cp24_fec23_pi10_pb1000   3804.8    2.090             14             19              x              x
   bps3_cp36_fec12_pi20_pb1000   2905.4    2.737             14             19              x              x
   bps3_cp48_fec23_pi10_pb1000   3487.7    2.280             14             19              x              x
   bps3_cp24_fec12_pi10_pb1000   2891.6    2.750             14             24              x              x
   bps3_cp24_fec12_pi20_pb1000   3037.4    2.618             14             24              x              x
    bps3_cp24_fec12_pi6_pb1000   2738.3    2.904             14             24              x              x
   bps3_cp24_fec23_pi20_pb1000   3972.0    2.002             14             24              x              x
    bps3_cp24_fec23_pi6_pb1000   3614.5    2.200             14             24              x              x
   bps3_cp36_fec12_pi10_pb1000   2765.9    2.875             14             24              x              x
   bps3_cp36_fec23_pi10_pb1000   3639.4    2.185             14             24              x              x
   bps3_cp36_fec23_pi20_pb1000   3799.3    2.093             14             24              x              x
   bps3_cp36_fec34_pi20_pb1000   4268.4    1.863             14             24              x              x
   bps3_cp48_fec12_pi10_pb1000   2650.7    3.000             14             24              x              x
   bps3_cp48_fec34_pi10_pb1000   3898.0    2.040             14             24              x              x
   bps3_cp24_fec34_pi10_pb1000   4252.4    1.870             14              x              x              x
   bps3_cp24_fec34_pi20_pb1000   4462.4    1.782             14              x              x              x
    bps3_cp24_fec34_pi6_pb1000   4016.2    1.980             14              x              x              x
    bps3_cp36_fec12_pi6_pb1000   2619.2    3.036             14              x              x              x
    bps3_cp36_fec23_pi6_pb1000   3457.4    2.300             14              x              x              x
   bps3_cp36_fec34_pi10_pb1000   4067.5    1.955             14              x              x              x
    bps3_cp36_fec34_pi6_pb1000   3841.5    2.070             14              x              x              x
   bps3_cp48_fec12_pi20_pb1000   2784.3    2.856             14              x              x              x
    bps3_cp48_fec12_pi6_pb1000   2510.1    3.168             14              x              x              x
   bps3_cp48_fec23_pi20_pb1000   3641.0    2.184             14              x              x              x
    bps3_cp48_fec23_pi6_pb1000   3313.3    2.400             14              x              x              x
   bps3_cp48_fec34_pi20_pb1000   4090.5    1.944             14              x              x              x
    bps3_cp48_fec34_pi6_pb1000   3681.5    2.160             14              x              x              x
   bps5_cp24_fec34_pi20_pb1000   7229.1    1.100             19              x              x              x

== boundary summary (lowest SNR with success rate >= 50%, 'x' = not reached on this grid) ==
                        config  net bps  frame s           awgn mid_latitude_q mid_latitude_m mid_latitude_d
   bps3_cp24_fec23_pi10_pb1000   3804.8    2.090             14             14             24              x
   bps3_cp36_fec12_pi10_pb1000   2765.9    2.875              9             14             24              x
   bps3_cp24_fec12_pi10_pb1000   2891.6    2.750              9             14              x              x
   bps3_cp24_fec12_pi20_pb1000   3037.4    2.618              9             14              x              x
    bps3_cp24_fec23_pi6_pb1000   3614.5    2.200             14             14              x              x
    bps3_cp24_fec34_pi6_pb1000   4016.2    1.980             14             14              x              x
   bps3_cp36_fec12_pi20_pb1000   2905.4    2.737             14             14              x              x
    bps3_cp36_fec12_pi6_pb1000   2619.2    3.036              9             14              x              x
   bps3_cp48_fec12_pi10_pb1000   2650.7    3.000              9             14              x              x
   bps3_cp48_fec12_pi20_pb1000   2784.3    2.856             14             14              x              x
    bps3_cp48_fec12_pi6_pb1000   2510.1    3.168              9             14              x              x
    bps3_cp48_fec23_pi6_pb1000   3313.3    2.400             14             14              x              x
    bps3_cp24_fec12_pi6_pb1000   2738.3    2.904             14             19              x              x
   bps3_cp24_fec23_pi20_pb1000   3972.0    2.002             14             19              x              x
   bps3_cp24_fec34_pi10_pb1000   4252.4    1.870             14             19              x              x
   bps3_cp24_fec34_pi20_pb1000   4462.4    1.782             14             19              x              x
   bps3_cp36_fec23_pi10_pb1000   3639.4    2.185             14             19              x              x
   bps3_cp36_fec23_pi20_pb1000   3799.3    2.093             14             19              x              x
    bps3_cp36_fec23_pi6_pb1000   3457.4    2.300             14             19              x              x
   bps3_cp36_fec34_pi10_pb1000   4067.5    1.955             14             19              x              x
   bps3_cp36_fec34_pi20_pb1000   4268.4    1.863             14             19              x              x
    bps3_cp36_fec34_pi6_pb1000   3841.5    2.070             14             19              x              x
   bps3_cp48_fec23_pi10_pb1000   3487.7    2.280             14             19              x              x
   bps3_cp48_fec34_pi10_pb1000   3898.0    2.040             14             19              x              x
   bps3_cp48_fec34_pi20_pb1000   4090.5    1.944             14             19              x              x
    bps3_cp48_fec34_pi6_pb1000   3681.5    2.160             14             19              x              x
   bps3_cp48_fec23_pi20_pb1000   3641.0    2.184             14             24              x              x
   bps5_cp24_fec34_pi20_pb1000   7229.1    1.100             19             24              x              x

== success rate at the highest tested SNR (24 dB) ==
                        config  net bps  frame s           awgn mid_latitude_q mid_latitude_m mid_latitude_d
   bps3_cp24_fec12_pi10_pb1000   2891.6    2.750           100%           100%            40%             0%
   bps3_cp24_fec12_pi20_pb1000   3037.4    2.618           100%            90%            20%             0%
    bps3_cp24_fec12_pi6_pb1000   2738.3    2.904           100%            90%            20%            20%
   bps3_cp24_fec23_pi10_pb1000   3804.8    2.090           100%            90%            50%            30%
   bps3_cp24_fec23_pi20_pb1000   3972.0    2.002           100%           100%            20%            10%
    bps3_cp24_fec23_pi6_pb1000   3614.5    2.200           100%           100%            20%             0%
   bps3_cp24_fec34_pi10_pb1000   4252.4    1.870           100%            80%            30%            10%
   bps3_cp24_fec34_pi20_pb1000   4462.4    1.782           100%            70%             0%             0%
    bps3_cp24_fec34_pi6_pb1000   4016.2    1.980           100%            60%            30%             0%
   bps3_cp36_fec12_pi10_pb1000   2765.9    2.875           100%            90%            50%            20%
   bps3_cp36_fec12_pi20_pb1000   2905.4    2.737           100%            90%            20%             0%
    bps3_cp36_fec12_pi6_pb1000   2619.2    3.036           100%            80%             0%            30%
   bps3_cp36_fec23_pi10_pb1000   3639.4    2.185           100%            90%            20%             0%
   bps3_cp36_fec23_pi20_pb1000   3799.3    2.093           100%            90%            30%             0%
    bps3_cp36_fec23_pi6_pb1000   3457.4    2.300           100%            70%            10%            20%
   bps3_cp36_fec34_pi10_pb1000   4067.5    1.955           100%            60%            20%            10%
   bps3_cp36_fec34_pi20_pb1000   4268.4    1.863           100%            90%            10%             0%
    bps3_cp36_fec34_pi6_pb1000   3841.5    2.070           100%            70%            30%             0%
   bps3_cp48_fec12_pi10_pb1000   2650.7    3.000           100%           100%            10%            10%
   bps3_cp48_fec12_pi20_pb1000   2784.3    2.856           100%            80%            20%             0%
    bps3_cp48_fec12_pi6_pb1000   2510.1    3.168           100%            70%            40%            10%
   bps3_cp48_fec23_pi10_pb1000   3487.7    2.280           100%            90%            30%             0%
   bps3_cp48_fec23_pi20_pb1000   3641.0    2.184           100%            80%            40%             0%
    bps3_cp48_fec23_pi6_pb1000   3313.3    2.400           100%            80%            20%            20%
   bps3_cp48_fec34_pi10_pb1000   3898.0    2.040           100%            90%             0%            10%
   bps3_cp48_fec34_pi20_pb1000   4090.5    1.944           100%            80%             0%             0%
    bps3_cp48_fec34_pi6_pb1000   3681.5    2.160           100%            80%            30%            20%
   bps5_cp24_fec34_pi20_pb1000   7229.1    1.100           100%            80%            10%             0%
